################################################################################
#                                                                              #
#      IAR Universal Linker V5.0.2.5/W32                                       #
#                                                                              #
#           Link time     =  08/Nov/2012  16:27:38                             #
#           Target CPU    =  x51                                               #
#           List file     =  "Z:\CDIO\code\ports\cc2530\TIMAC\Projects\mac\sam #
#                            ple\cc2530\IAR Project\Normal\List\msa_cc2530.map #
#                            "                                                 #
#           Output file 1 =  "Z:\CDIO\code\ports\cc2530\TIMAC\Projects\mac\sam #
#                            ple\cc2530\IAR Project\Normal\Exe\msa_cc2530.d51" #
#                            Format: debug                                     #
#                            UBROF version 10.0.3                              #
#                            Using library modules for C-SPY (-rt)             #
#           Command line  =  -D_NR_OF_BANKS=0 -D_CODEBANK_END=0                #
#                            -D_CODEBANK_START=0                               #
#                            "-IC:\Program Files\IAR Systems\Embedded Workbenc #
#                            h 6.0\8051\CONFIG\"                               #
#                            Z:\CDIO\code\ports\cc2530\TIMAC\Projects\mac\Libr #
#                            aries\cc2530\IAR\bin\Lib\macLib_cc2530.lib        #
#                            "Z:\CDIO\code\ports\cc2530\TIMAC\Projects\mac\sam #
#                            ple\cc2530\IAR Project\Normal\Obj\OSAL.r51"       #
#                            "Z:\CDIO\code\ports\cc2530\TIMAC\Projects\mac\sam #
#                            ple\cc2530\IAR Project\Normal\Obj\OSAL_Clock.r51" #
#                            "Z:\CDIO\code\ports\cc2530\TIMAC\Projects\mac\sam #
#                            ple\cc2530\IAR Project\Normal\Obj\OSAL_Math.r51"  #
#                            "Z:\CDIO\code\ports\cc2530\TIMAC\Projects\mac\sam #
#                            ple\cc2530\IAR Project\Normal\Obj\OSAL_Memory.r51 #
#                            "                                                 #
#                            "Z:\CDIO\code\ports\cc2530\TIMAC\Projects\mac\sam #
#                            ple\cc2530\IAR Project\Normal\Obj\OSAL_PwrMgr.r51 #
#                            "                                                 #
#                            "Z:\CDIO\code\ports\cc2530\TIMAC\Projects\mac\sam #
#                            ple\cc2530\IAR Project\Normal\Obj\OSAL_Timers.r51 #
#                            "                                                 #
#                            "Z:\CDIO\code\ports\cc2530\TIMAC\Projects\mac\sam #
#                            ple\cc2530\IAR Project\Normal\Obj\hal_adc.r51"    #
#                            "Z:\CDIO\code\ports\cc2530\TIMAC\Projects\mac\sam #
#                            ple\cc2530\IAR Project\Normal\Obj\hal_assert.r51" #
#                            "Z:\CDIO\code\ports\cc2530\TIMAC\Projects\mac\sam #
#                            ple\cc2530\IAR Project\Normal\Obj\hal_drivers.r51 #
#                            "                                                 #
#                            "Z:\CDIO\code\ports\cc2530\TIMAC\Projects\mac\sam #
#                            ple\cc2530\IAR Project\Normal\Obj\hal_key.r51"    #
#                            "Z:\CDIO\code\ports\cc2530\TIMAC\Projects\mac\sam #
#                            ple\cc2530\IAR Project\Normal\Obj\hal_lcd.r51"    #
#                            "Z:\CDIO\code\ports\cc2530\TIMAC\Projects\mac\sam #
#                            ple\cc2530\IAR Project\Normal\Obj\hal_led.r51"    #
#                            "Z:\CDIO\code\ports\cc2530\TIMAC\Projects\mac\sam #
#                            ple\cc2530\IAR Project\Normal\Obj\hal_sleep.r51"  #
#                            "Z:\CDIO\code\ports\cc2530\TIMAC\Projects\mac\sam #
#                            ple\cc2530\IAR Project\Normal\Obj\hal_startup.r51 #
#                            "                                                 #
#                            "Z:\CDIO\code\ports\cc2530\TIMAC\Projects\mac\sam #
#                            ple\cc2530\IAR Project\Normal\Obj\hal_timer.r51"  #
#                            "Z:\CDIO\code\ports\cc2530\TIMAC\Projects\mac\sam #
#                            ple\cc2530\IAR Project\Normal\Obj\hal_uart.r51"   #
#                            "Z:\CDIO\code\ports\cc2530\TIMAC\Projects\mac\sam #
#                            ple\cc2530\IAR Project\Normal\Obj\in6_addr.r51"   #
#                            "Z:\CDIO\code\ports\cc2530\TIMAC\Projects\mac\sam #
#                            ple\cc2530\IAR Project\Normal\Obj\mac_autopend.r5 #
#                            1"                                                #
#                            "Z:\CDIO\code\ports\cc2530\TIMAC\Projects\mac\sam #
#                            ple\cc2530\IAR Project\Normal\Obj\mac_backoff_tim #
#                            er.r51"                                           #
#                            "Z:\CDIO\code\ports\cc2530\TIMAC\Projects\mac\sam #
#                            ple\cc2530\IAR Project\Normal\Obj\mac_callbacks.r #
#                            51"                                               #
#                            "Z:\CDIO\code\ports\cc2530\TIMAC\Projects\mac\sam #
#                            ple\cc2530\IAR Project\Normal\Obj\mac_cfg.r51"    #
#                            "Z:\CDIO\code\ports\cc2530\TIMAC\Projects\mac\sam #
#                            ple\cc2530\IAR Project\Normal\Obj\mac_csp_tx.r51" #
#                            "Z:\CDIO\code\ports\cc2530\TIMAC\Projects\mac\sam #
#                            ple\cc2530\IAR Project\Normal\Obj\mac_low_level.r #
#                            51"                                               #
#                            "Z:\CDIO\code\ports\cc2530\TIMAC\Projects\mac\sam #
#                            ple\cc2530\IAR Project\Normal\Obj\mac_mcu.r51"    #
#                            "Z:\CDIO\code\ports\cc2530\TIMAC\Projects\mac\sam #
#                            ple\cc2530\IAR Project\Normal\Obj\mac_mem.r51"    #
#                            "Z:\CDIO\code\ports\cc2530\TIMAC\Projects\mac\sam #
#                            ple\cc2530\IAR Project\Normal\Obj\mac_pib.r51"    #
#                            "Z:\CDIO\code\ports\cc2530\TIMAC\Projects\mac\sam #
#                            ple\cc2530\IAR Project\Normal\Obj\mac_radio.r51"  #
#                            "Z:\CDIO\code\ports\cc2530\TIMAC\Projects\mac\sam #
#                            ple\cc2530\IAR Project\Normal\Obj\mac_radio_defs. #
#                            r51"                                              #
#                            "Z:\CDIO\code\ports\cc2530\TIMAC\Projects\mac\sam #
#                            ple\cc2530\IAR Project\Normal\Obj\mac_rffrontend. #
#                            r51"                                              #
#                            "Z:\CDIO\code\ports\cc2530\TIMAC\Projects\mac\sam #
#                            ple\cc2530\IAR Project\Normal\Obj\mac_rx.r51"     #
#                            "Z:\CDIO\code\ports\cc2530\TIMAC\Projects\mac\sam #
#                            ple\cc2530\IAR Project\Normal\Obj\mac_rx_onoff.r5 #
#                            1"                                                #
#                            "Z:\CDIO\code\ports\cc2530\TIMAC\Projects\mac\sam #
#                            ple\cc2530\IAR Project\Normal\Obj\mac_sleep.r51"  #
#                            "Z:\CDIO\code\ports\cc2530\TIMAC\Projects\mac\sam #
#                            ple\cc2530\IAR Project\Normal\Obj\mac_tx.r51"     #
#                            "Z:\CDIO\code\ports\cc2530\TIMAC\Projects\mac\sam #
#                            ple\cc2530\IAR Project\Normal\Obj\main.r51"       #
#                            "Z:\CDIO\code\ports\cc2530\TIMAC\Projects\mac\sam #
#                            ple\cc2530\IAR Project\Normal\Obj\osal_setup.r51" #
#                            "Z:\CDIO\code\ports\cc2530\TIMAC\Projects\mac\sam #
#                            ple\cc2530\IAR Project\Normal\Obj\pancake.r51"    #
#                            "Z:\CDIO\code\ports\cc2530\TIMAC\Projects\mac\sam #
#                            ple\cc2530\IAR Project\Normal\Obj\port.r51"       #
#                            "Z:\CDIO\code\ports\cc2530\TIMAC\Projects\mac\sam #
#                            ple\cc2530\IAR Project\Normal\Obj\port_callbacks. #
#                            r51"                                              #
#                            "Z:\CDIO\code\ports\cc2530\TIMAC\Projects\mac\sam #
#                            ple\cc2530\IAR Project\Normal\Obj\port_internal.r #
#                            51"                                               #
#                            "Z:\CDIO\code\ports\cc2530\TIMAC\Projects\mac\sam #
#                            ple\cc2530\IAR Project\Normal\Obj\saddr.r51"      #
#                            -o                                                #
#                            "Z:\CDIO\code\ports\cc2530\TIMAC\Projects\mac\sam #
#                            ple\cc2530\IAR Project\Normal\Exe\msa_cc2530.d51" #
#                            -l                                                #
#                            "Z:\CDIO\code\ports\cc2530\TIMAC\Projects\mac\sam #
#                            ple\cc2530\IAR Project\Normal\List\msa_cc2530.map #
#                            "                                                 #
#                            -xms                                              #
#                            "-IC:\Program Files\IAR Systems\Embedded Workbenc #
#                            h 6.0\8051\LIB\"                                  #
#                            "-IZ:\CDIO\code\ports\cc2530\TIMAC\Projects\mac\s #
#                            ample\cc2530\IAR Project\"                        #
#                            -f                                                #
#                            "Z:\CDIO\code\ports\cc2530\TIMAC\Projects\mac\sam #
#                            ple\cc2530\IAR Project\..\..\..\common\CC2530\ti_ #
#                            51ew_cc2530.xcl"                                  #
#                            (-D_IDATA_END=0xFF -D_PDATA_START=0x1E00          #
#                            -D_PDATA_END=0x1EFF -D_IXDATA_START=0x0001        #
#                            -D_IXDATA_END=0x1EFF                              #
#                            -D_XDATA_START=_IXDATA_START                      #
#                            -D_XDATA_END=_IXDATA_END -D_CODE_START=0x0000     #
#                            -D_CODE_END=0xFFFF -D_NEAR_CODE_END=_CODE_END     #
#                            -D?REGISTER_BANK=0 -D_REGISTER_BANK_START=0       #
#                            -D?PBANK_NUMBER=0x1E -D_BREG_START=0x00           #
#                            -D?VB=0x20 -Z(BIT)BREG=_BREG_START                #
#                            -Z(BIT)BIT_N=0-7F                                 #
#                            -Z(DATA)REGISTERS+8=_REGISTER_BANK_START          #
#                            -Z(DATA)BDATA_Z,BDATA_N,BDATA_I=20-2F             #
#                            -Z(DATA)VREG+_NR_OF_VIRTUAL_REGISTERS=08-7F       #
#                            -Z(DATA)PSP,XSP=08-7F -Z(DATA)DOVERLAY=08-7F      #
#                            -Z(DATA)DATA_I,DATA_Z,DATA_N=08-7F                #
#                            -U(IDATA)0-7F=(DATA)0-7F                          #
#                            -Z(IDATA)IDATA_I,IDATA_Z,IDATA_N=08-_IDATA_END    #
#                            -Z(IDATA)ISTACK+_IDATA_STACK_SIZE#08-_IDATA_END   #
#                            -Z(IDATA)IOVERLAY=08-FF                           #
#                            -Z(CODE)INTVEC=_CODE_START                        #
#                            -Z(CODE)BIT_ID,BDATA_ID,DATA_ID,IDATA_ID,IXDATA_I #
#                            D,PDATA_ID,XDATA_ID=_CODE_START-_CODE_END         #
#                            -Z(CODE)SLEEP_CODE|2=_CODE_START-_CODE_END        #
#                            -P(CODE)CSTART,BANK_RELAYS,RCODE,DIFUNCT,NEAR_COD #
#                            E=_CODE_START-_CODE_END                           #
#                            -P(CODE)CODE_C=_CODE_START-_CODE_END              #
#                            -Z(XDATA)PSTACK+_PDATA_STACK_SIZE=_PDATA_START-_P #
#                            DATA_END                                          #
#                            -Z(XDATA)XSTACK+_XDATA_STACK_SIZE=_XDATA_START-_X #
#                            DATA_END                                          #
#                            -Z(XDATA)PDATA_Z,PDATA_I=_PDATA_START-_PDATA_END  #
#                            -P(XDATA)PDATA_N=_PDATA_START-_PDATA_END          #
#                            -Z(XDATA)IXDATA_N,IXDATA_Z,IXDATA_I=_IXDATA_START #
#                            -_IXDATA_END                                      #
#                            -Z(XDATA)XDATA_N,XDATA_Z,XDATA_I=_XDATA_START-_XD #
#                            ATA_END                                           #
#                            -Z(CODE)XDATA_ROM_C=_CODE_START-_CODE_END -cx51   #
#                            -D_FLASH_LOCK_BITS_START=0xFFF0                   #
#                            -D_FLASH_LOCK_BITS_END=0xFFFF                     #
#                            -Z(CODE)FLASH_LOCK_BITS=_FLASH_LOCK_BITS_START-_F #
#                            LASH_LOCK_BITS_END                                #
#                            -U(CODE)0x0000=(CODE)_FLASH_LOCK_BITS_START-_FLAS #
#                            H_LOCK_BITS_END)                                  #
#                            -D_NR_OF_VIRTUAL_REGISTERS=10 -D?PBANK=0x93       #
#                            -e_small_write=_formatted_write -rt -s            #
#                            __program_start                                   #
#                            "C:\Program Files\IAR Systems\Embedded Workbench  #
#                            6.0\8051\LIB\CLIB\cl-pli-nlxd-1e16x01.r51"        #
#                            -D_IDATA_STACK_SIZE=0xC0                          #
#                            -D_EXTENDED_STACK_START=0x00                      #
#                            -D_EXTENDED_STACK_SIZE=0x00                       #
#                            -D_PDATA_STACK_SIZE=0x80                          #
#                            -D_XDATA_STACK_SIZE=0x180                         #
#                            -D_XDATA_HEAP_SIZE=0x00 -D_FAR_HEAP_SIZE=0x000    #
#                            -D_HUGE_HEAP_SIZE=0x000                           #
#                            -D_FAR22_HEAP_SIZE=0xFFF                          #
#                                                                              #
#                           Copyright (C) 1987-2010 IAR Systems AB.            #
################################################################################





                ****************************************
                *                                      *
                *           CROSS REFERENCE            *
                *                                      *
                ****************************************

       Program entry at : CODE      00008EB5  Relocatable, from module : CSTARTUP




                ****************************************
                *                                      *
                *            RUNTIME MODEL             *
                *                                      *
                ****************************************

  __SystemLibrary          = CLib
  __calling_convention     = xdata_reentrant
  __code_model             = near
  __core                   = plain
  __data_model             = large
  __dptr_size              = 16
  __extended_stack         = disabled
  __location_for_constants = data
  __number_of_dptrs        = 1
  __rt_version             = 1



                ****************************************
                *                                      *
                *              MODULE MAP              *
                *                                      *
                ****************************************


  DEFINED ABSOLUTE ENTRIES
    *************************************************************************

  DEFINED ABSOLUTE ENTRIES
  PROGRAM MODULE, NAME : ?ABS_ENTRY_MOD

Absolute parts
           ENTRY                   ADDRESS         REF BY
           =====                   =======         ======
           _FAR22_HEAP_SIZE        00000FFF 
           _HUGE_HEAP_SIZE         00000000 
           _FAR_HEAP_SIZE          00000000 
           _XDATA_HEAP_SIZE        00000000 
           _XDATA_STACK_SIZE       00000180 
           _PDATA_STACK_SIZE       00000080 
           _EXTENDED_STACK_SIZE    00000000 
           _EXTENDED_STACK_START   00000000 
           _IDATA_STACK_SIZE       000000C0 
           ?PBANK                  00000093 
           _NR_OF_VIRTUAL_REGISTERS
                                   00000010 
           _FLASH_LOCK_BITS_END    0000FFFF 
           _FLASH_LOCK_BITS_START
                                   0000FFF0 
           ?VB                     00000020        ?FUNC_ENTER_XDATA (?FUNC_ENTER_XDATA)
                                                   ?FUNC_LEAVE_XDATA (?FUNC_LEAVE_XDATA)
                                                   ?INTERRUPT_ENTER_XSP (?INTERRUPT_ENTER_XSP)
                                                   ?INTERRUPT_LEAVE_XSP (?INTERRUPT_LEAVE_XSP)
           _BREG_START             00000000 
           ?PBANK_NUMBER           0000001E 
           _REGISTER_BANK_START    00000000 
           ?REGISTER_BANK          00000000        Segment part 6 (CSTARTUP)
           _NEAR_CODE_END          0000FFFF 
           _CODE_END               0000FFFF 
           _CODE_START             00000000 
           _XDATA_END              00001EFF 
           _XDATA_START            00000001 
           _IXDATA_END             00001EFF 
           _IXDATA_START           00000001 
           _PDATA_END              00001EFF 
           _PDATA_START            00001E00 
           _IDATA_END              000000FF 
           _CODEBANK_START         00000000 
           _CODEBANK_END           00000000 
           _NR_OF_BANKS            00000000 
    *************************************************************************

  FILE NAME : Z:\CDIO\code\ports\cc2530\TIMAC\Projects\mac\Libraries\cc2530\IAR\bin\Lib\macLib_cc2530.lib
  LIBRARY MODULE, NAME : mac_beacon

  SEGMENTS IN THE MODULE
  ======================
XDATA_I
  Relative segment, address: XDATA 00000C0C - 00000C2B (0x20 bytes), align: 0
  Segment part 7.             Intra module refs:   Segment part 137
                                                   Segment part 202
           ENTRY                   ADDRESS         REF BY
           =====                   =======         ======
           macBeaconMargin         00000C0C 
    -------------------------------------------------------------------------
XDATA_Z
  Relative segment, address: XDATA 00000983 - 0000099A (0x18 bytes), align: 0
  Segment part 9.             Intra module refs:   Segment part 147
                                                   macApiBeaconStartReq
                                                   macApiSyncReq
                                                   macAutoPoll
                                                   macBeaconCheckSched
                                                   macBeaconCheckTxTime
                                                   macBeaconPeriodCallback
                                                   macBeaconSetSched
                                                   macBeaconSetupCap
                                                   macBeaconStartFrameResponseTimer
                                                   macBeaconSyncLoss
                                                   macRxBeaconCritical
                                                   macSyncTimeoutCallback
                                                   macTrackPeriodCallback
                                                   macTrackStartCallback
                                                   macTrackTimeoutCallback
                                                   macTxBeaconCompleteCallback
           ENTRY                   ADDRESS         REF BY
           =====                   =======         ======
           macBeacon               00000983 
    -------------------------------------------------------------------------
<CSTART,NEAR_CODE,RCODE> 1 (was NEAR_CODE)
  Relative segment, address: CODE 000000D6 - 00000103 (0x2e bytes), align: 0
  Segment part 85.            Intra module refs:   Segment part 149
           ENTRY                   ADDRESS         REF BY
           =====                   =======         ======
           macBeaconInit           000000D6 
               ISTACK = 00000000 ( 00000002 )
    -------------------------------------------------------------------------
<CSTART,NEAR_CODE,RCODE> 1 (was NEAR_CODE)
  Relative segment, address: CODE 00000104 - 00000189 (0x86 bytes), align: 0
  Segment part 87.            Intra module refs:   macBeaconInit
           ENTRY                   ADDRESS         REF BY
           =====                   =======         ======
           macBeaconSetSched       00000104 
               calls direct, is indirectly called
               XSTACK = 00000000 ( 0000000B )
               ISTACK = 00000000 ( 00000001 )
    -------------------------------------------------------------------------
<CSTART,NEAR_CODE,RCODE> 1 (was NEAR_CODE)
  Relative segment, address: CODE 0000018A - 0000018F (0x6 bytes), align: 0
  Segment part 88.            Intra module refs:   macBeaconSetSched
    -------------------------------------------------------------------------
<CSTART,NEAR_CODE,RCODE> 1 (was NEAR_CODE)
  Relative segment, address: CODE 00000190 - 00000193 (0x4 bytes), align: 0
  Segment part 89.            Intra module refs:   macBeaconSetSched
                                                   macDestSAddrCmp
    -------------------------------------------------------------------------
<CSTART,NEAR_CODE,RCODE> 1 (was NEAR_CODE)
  Relative segment, address: CODE 00000194 - 00000197 (0x4 bytes), align: 0
  Segment part 90.            Intra module refs:   Segment part 89
                                                   macDestAddrCmp
    -------------------------------------------------------------------------
<CSTART,NEAR_CODE,RCODE> 1 (was NEAR_CODE)
  Relative segment, address: CODE 00000198 - 0000019C (0x5 bytes), align: 0
  Segment part 91.            Intra module refs:   macBeaconSetSched
                                                   macRxBeaconCritical
    -------------------------------------------------------------------------
<CSTART,NEAR_CODE,RCODE> 1 (was NEAR_CODE)
  Relative segment, address: CODE 0000019D - 000001A3 (0x7 bytes), align: 0
  Segment part 92.            Intra module refs:   Segment part 91
                                                   macAutoPoll
                                                   macScanRxCoordRealign
    -------------------------------------------------------------------------
<CSTART,NEAR_CODE,RCODE> 1 (was NEAR_CODE)
  Relative segment, address: CODE 000001A4 - 000001C5 (0x22 bytes), align: 0
  Segment part 93.            Intra module refs:   macBeaconInit
           ENTRY                   ADDRESS         REF BY
           =====                   =======         ======
           macBeaconCheckSched     000001A4 
               calls direct, is indirectly called
               ISTACK = 00000000 ( 00000002 )
    -------------------------------------------------------------------------
<CSTART,NEAR_CODE,RCODE> 1 (was NEAR_CODE)
  Relative segment, address: CODE 000001C6 - 000001ED (0x28 bytes), align: 0
  Segment part 94.            Intra module refs:   macBeaconInit
           ENTRY                   ADDRESS         REF BY
           =====                   =======         ======
           macBeaconRequeue        000001C6 
               calls direct, is indirectly called
               ISTACK = 00000000 ( 00000002 )
    -------------------------------------------------------------------------
<CSTART,NEAR_CODE,RCODE> 1 (was NEAR_CODE)
  Relative segment, address: CODE 000001EE - 00000282 (0x95 bytes), align: 0
  Segment part 95.            Intra module refs:   macBeaconInit
           ENTRY                   ADDRESS         REF BY
           =====                   =======         ======
           macBeaconCheckTxTime    000001EE 
               calls direct, is indirectly called
               XSTACK = 00000000 ( 0000000F )
    -------------------------------------------------------------------------
<CSTART,NEAR_CODE,RCODE> 1 (was NEAR_CODE)
  Relative segment, address: CODE 00000283 - 00000329 (0xa7 bytes), align: 0
  Segment part 96.            Intra module refs:   macRxBeaconCritical
                                                   macTxBeaconCompleteCallback
           ENTRY                   ADDRESS         REF BY
           =====                   =======         ======
           macBeaconSetupCap       00000283 
               calls direct
               XSTACK = 0000000F ( 0000000F )
    -------------------------------------------------------------------------
<CSTART,NEAR_CODE,RCODE> 1 (was NEAR_CODE)
  Relative segment, address: CODE 0000032A - 00000336 (0xd bytes), align: 0
  Segment part 97.            Intra module refs:   macBeaconSetupCap
    -------------------------------------------------------------------------
<CODE_C,CSTART,NEAR_CODE,RCODE> 1 (was CODE_C)
  Relative segment, address: CODE 0000930A - 0000930D (0x4 bytes), align: 0
  Segment part 10.            Intra module refs:   MAC_InitBeaconCoord
    -------------------------------------------------------------------------
XDATA_Z
  Relative segment, address: XDATA 0000099B - 000009BB (0x21 bytes), align: 0
  Segment part 11.            Intra module refs:   Segment part 109
                                                   Segment part 134
                                                   macBeaconPrepareCallback
                                                   macBeaconSetPrepareTime
                                                   macBeaconStartContinue
                                                   macBeaconTxCallback
                                                   macTxBeaconCompleteCallback
           ENTRY                   ADDRESS         REF BY
           =====                   =======         ======
           macBeaconCoord          0000099B 
    -------------------------------------------------------------------------
<CSTART,NEAR_CODE,RCODE> 1 (was NEAR_CODE)
  Relative segment, address: CODE 00000337 - 00000355 (0x1f bytes), align: 0
  Segment part 98.
           ENTRY                   ADDRESS         REF BY
           =====                   =======         ======
           MAC_InitBeaconCoord     00000337        osalInitTasks (osal_setup)
               calls direct
               ISTACK = 00000000 ( 00000002 )
    -------------------------------------------------------------------------
<CSTART,NEAR_CODE,RCODE> 1 (was NEAR_CODE)
  Relative segment, address: CODE 00000356 - 000003AB (0x56 bytes), align: 0
  Segment part 99.            Intra module refs:   macBeaconStartContinue
                                                   macStartBeaconPrepareCallback
           LOCAL                   ADDRESS         
           =====                   =======         
           macBeaconSetPrepareTime
                                   00000356 
               XSTACK = 0000000B ( 0000000F )
    -------------------------------------------------------------------------
<CSTART,NEAR_CODE,RCODE> 1 (was NEAR_CODE)
  Relative segment, address: CODE 000003AC - 000004DD (0x132 bytes), align: 0
  Segment part 100.           Intra module refs:   Segment part 10
           ENTRY                   ADDRESS         REF BY
           =====                   =======         ======
           macApiBeaconStartReq    000003AC 
               calls direct, is indirectly called
               XSTACK = 00000000 ( 00000021 )
               ISTACK = 00000000 ( 00000001 )
    -------------------------------------------------------------------------
<CSTART,NEAR_CODE,RCODE> 1 (was NEAR_CODE)
  Relative segment, address: CODE 000004DE - 00000501 (0x24 bytes), align: 0
  Segment part 101.           Intra module refs:   macTxBeaconCompleteCallback
           LOCAL                   ADDRESS         
           =====                   =======         
           macBeaconPeriodCallback
                                   000004DE 
               calls direct, is indirectly called
               ISTACK = 00000000 ( 00000002 )
    -------------------------------------------------------------------------
<CSTART,NEAR_CODE,RCODE> 1 (was NEAR_CODE)
  Relative segment, address: CODE 00000502 - 00000555 (0x54 bytes), align: 0
  Segment part 102.           Intra module refs:   macBeaconPrepareCallback
           LOCAL                   ADDRESS         
           =====                   =======         
           macBeaconTxCallback     00000502 
               calls direct, is indirectly called
               XSTACK = 00000000 ( 00000004 )
               ISTACK = 00000000 ( 00000002 )
    -------------------------------------------------------------------------
<CSTART,NEAR_CODE,RCODE> 1 (was NEAR_CODE)
  Relative segment, address: CODE 00000556 - 000005BF (0x6a bytes), align: 0
  Segment part 103.           Intra module refs:   Segment part 109
                                                   macStartBeaconPrepareCallback
           ENTRY                   ADDRESS         REF BY
           =====                   =======         ======
           macBeaconPrepareCallback
                                   00000556 
               calls direct, is indirectly called
               XSTACK = 00000008 ( 0000000F )
    -------------------------------------------------------------------------
<CSTART,NEAR_CODE,RCODE> 1 (was NEAR_CODE)
  Relative segment, address: CODE 000005C0 - 000005E7 (0x28 bytes), align: 0
  Segment part 104.           Intra module refs:   macBeaconStartContinue
           LOCAL                   ADDRESS         
           =====                   =======         
           macStartBeaconPrepareCallback
                                   000005C0 
               calls direct, is indirectly called
               XSTACK = 00000000 ( 00000008 )
    -------------------------------------------------------------------------
<CSTART,NEAR_CODE,RCODE> 1 (was NEAR_CODE)
  Relative segment, address: CODE 000005E8 - 000005EA (0x3 bytes), align: 0
  Segment part 105.           Intra module refs:   macStartBeaconPrepareCallback
                                                   macStartContinue
    -------------------------------------------------------------------------
<CSTART,NEAR_CODE,RCODE> 1 (was NEAR_CODE)
  Relative segment, address: CODE 000005EB - 000005F3 (0x9 bytes), align: 0
  Segment part 106.           Intra module refs:   Segment part 105
                                                   macBeaconStartContinue
    -------------------------------------------------------------------------
<CSTART,NEAR_CODE,RCODE> 1 (was NEAR_CODE)
  Relative segment, address: CODE 000005F4 - 0000067B (0x88 bytes), align: 0
  Segment part 107.           Intra module refs:   Segment part 10
                                                   macApiBeaconStartReq
           ENTRY                   ADDRESS         REF BY
           =====                   =======         ======
           macBeaconStartContinue
                                   000005F4 
               calls direct, is indirectly called
               XSTACK = 0000001D ( 0000000F )
    -------------------------------------------------------------------------
<CSTART,NEAR_CODE,RCODE> 1 (was NEAR_CODE)
  Relative segment, address: CODE 0000067C - 00000684 (0x9 bytes), align: 0
  Segment part 108.           Intra module refs:   macBeaconStartContinue
    -------------------------------------------------------------------------
<CSTART,NEAR_CODE,RCODE> 1 (was NEAR_CODE)
  Relative segment, address: CODE 00000685 - 00000692 (0xe bytes), align: 0
  Segment part 109.           Intra module refs:   macBeaconStartContinue
                                                   macBeaconTxCallback
    -------------------------------------------------------------------------
<CSTART,NEAR_CODE,RCODE> 1 (was NEAR_CODE)
  Relative segment, address: CODE 00000693 - 00000697 (0x5 bytes), align: 0
  Segment part 110.           Intra module refs:   macTxBeaconCompleteCallback
           LOCAL                   ADDRESS         
           =====                   =======         
           macBeaconBattLifeCallback
                                   00000693 
               calls direct, is indirectly called
    -------------------------------------------------------------------------
<CSTART,NEAR_CODE,RCODE> 1 (was NEAR_CODE)
  Relative segment, address: CODE 00000698 - 0000075D (0xc6 bytes), align: 0
  Segment part 111.           Intra module refs:   MAC_InitBeaconCoord
           ENTRY                   ADDRESS         REF BY
           =====                   =======         ======
           macTxBeaconCompleteCallback
                                   00000698 
               calls direct, is indirectly called
               XSTACK = 00000000 ( 0000000F )
               ISTACK = 00000000 ( 00000002 )
    -------------------------------------------------------------------------
<CSTART,NEAR_CODE,RCODE> 1 (was NEAR_CODE)
  Relative segment, address: CODE 0000075E - 00000761 (0x4 bytes), align: 0
  Segment part 112.           Intra module refs:   macBeaconSetPrepareTime
                                                   macTxBeaconCompleteCallback
    -------------------------------------------------------------------------
<CSTART,NEAR_CODE,RCODE> 1 (was NEAR_CODE)
  Relative segment, address: CODE 00000762 - 0000076C (0xb bytes), align: 0
  Segment part 113.           Intra module refs:   Segment part 112
                                                   Segment part 565
    -------------------------------------------------------------------------
<CSTART,NEAR_CODE,RCODE> 1 (was NEAR_CODE)
  Relative segment, address: CODE 0000076D - 000007BD (0x51 bytes), align: 0
  Segment part 114.           Intra module refs:   macTxBeaconCompleteCallback
           ENTRY                   ADDRESS         REF BY
           =====                   =======         ======
           macBeaconSetupBroadcast
                                   0000076D 
               calls direct
               XSTACK = 0000000B ( 0000000C )
    -------------------------------------------------------------------------
<CSTART,NEAR_CODE,RCODE> 1 (was NEAR_CODE)
  Relative segment, address: CODE 000007BE - 000007C2 (0x5 bytes), align: 0
  Segment part 115.           Intra module refs:   macBeaconSetupBroadcast
                                                   macScanRxBeacon
    -------------------------------------------------------------------------
<CSTART,NEAR_CODE,RCODE> 1 (was NEAR_CODE)
  Relative segment, address: CODE 000007C3 - 000007E4 (0x22 bytes), align: 0
  Segment part 116.           Intra module refs:   macTxBeaconCompleteCallback
           ENTRY                   ADDRESS         REF BY
           =====                   =======         ======
           macOutgoingNonSlottedTx
                                   000007C3 
               XSTACK = 0000000B ( 00000000 )
               ISTACK = 00000000 ( 00000002 )
    -------------------------------------------------------------------------
<CSTART,NEAR_CODE,RCODE> 1 (was NEAR_CODE)
  Relative segment, address: CODE 000007E5 - 000007EC (0x8 bytes), align: 0
  Segment part 117.           Intra module refs:   macBeaconClearIndirect
                                                   macBeaconSchedRequested
                                                   macOutgoingNonSlottedTx
    -------------------------------------------------------------------------
<CSTART,NEAR_CODE,RCODE> 1 (was NEAR_CODE)
  Relative segment, address: CODE 000007ED - 00000817 (0x2b bytes), align: 0
  Segment part 118.           Intra module refs:   macTxBeaconCompleteCallback
           ENTRY                   ADDRESS         REF BY
           =====                   =======         ======
           macBeaconSchedRequested
                                   000007ED 
               XSTACK = 0000000B ( 00000000 )
               ISTACK = 00000000 ( 00000002 )
    -------------------------------------------------------------------------
<CSTART,NEAR_CODE,RCODE> 1 (was NEAR_CODE)
  Relative segment, address: CODE 00000818 - 00000822 (0xb bytes), align: 0
  Segment part 119.           Intra module refs:   macBeaconSchedRequested
                                                   macOutgoingNonSlottedTx
    -------------------------------------------------------------------------
<CSTART,NEAR_CODE,RCODE> 1 (was NEAR_CODE)
  Relative segment, address: CODE 00000823 - 00000846 (0x24 bytes), align: 0
  Segment part 120.           Intra module refs:   macBeaconPeriodCallback
           ENTRY                   ADDRESS         REF BY
           =====                   =======         ======
           macBeaconClearIndirect
                                   00000823 
               ISTACK = 00000000 ( 00000002 )
    -------------------------------------------------------------------------
<CSTART,NEAR_CODE,RCODE> 1 (was NEAR_CODE)
  Relative segment, address: CODE 00000847 - 00000851 (0xb bytes), align: 0
  Segment part 121.           Intra module refs:   macBeaconClearIndirect
                                                   macBeaconSchedRequested
                                                   macBeaconSyncLoss
                                                   macOutgoingNonSlottedTx
    -------------------------------------------------------------------------
<CODE_C,CSTART,NEAR_CODE,RCODE> 1 (was CODE_C)
  Relative segment, address: CODE 00009302 - 00009309 (0x8 bytes), align: 0
  Segment part 12.            Intra module refs:   MAC_InitBeaconDevice
    -------------------------------------------------------------------------
XDATA_Z
  Relative segment, address: XDATA 000009BC - 000009D7 (0x1c bytes), align: 0
  Segment part 13.            Intra module refs:   MAC_InitBeaconDevice
                                                   Segment part 144
                                                   Segment part 341
                                                   macApiSyncReq
                                                   macBeaconStopTrack
                                                   macRxBeaconCritical
                                                   macStartBroadcastPendTimer
                                                   macSyncTimeoutCallback
                                                   macTrackStartCallback
                                                   macTrackTimeoutCallback
           ENTRY                   ADDRESS         REF BY
           =====                   =======         ======
           macBeaconDevice         000009BC 
    -------------------------------------------------------------------------
<CSTART,NEAR_CODE,RCODE> 1 (was NEAR_CODE)
  Relative segment, address: CODE 00000852 - 00000856 (0x5 bytes), align: 0
  Segment part 122.           Intra module refs:   MAC_InitBeaconDevice
           LOCAL                   ADDRESS         
           =====                   =======         
           macBroadcastPendCallback
                                   00000852 
               calls direct, is indirectly called
    -------------------------------------------------------------------------
<CSTART,NEAR_CODE,RCODE> 1 (was NEAR_CODE)
  Relative segment, address: CODE 00000857 - 00000872 (0x1c bytes), align: 0
  Segment part 123.           Intra module refs:   macRxBeaconCritical
                                                   macTrackStartCallback
                                                   macTrackTimeoutCallback
           LOCAL                   ADDRESS         
           =====                   =======         
           macBeaconStopTrack      00000857 
               calls direct
               XSTACK = 0000000F ( 00000000 )
               ISTACK = 00000000 ( 00000002 )
    -------------------------------------------------------------------------
<CSTART,NEAR_CODE,RCODE> 1 (was NEAR_CODE)
  Relative segment, address: CODE 00000873 - 00000903 (0x91 bytes), align: 0
  Segment part 124.           Intra module refs:   macRxBeaconCritical
                                                   macSyncTimeoutCallback
                                                   macTrackTimeoutCallback
           LOCAL                   ADDRESS         
           =====                   =======         
           macBeaconSyncLoss       00000873 
               calls direct
               XSTACK = 0000000F ( 00000011 )
               ISTACK = 00000000 ( 00000003 )
    -------------------------------------------------------------------------
<CSTART,NEAR_CODE,RCODE> 1 (was NEAR_CODE)
  Relative segment, address: CODE 00000904 - 00000910 (0xd bytes), align: 0
  Segment part 125.           Intra module refs:   macBeaconSyncLoss
                                                   macOutgoingNonSlottedTx
    -------------------------------------------------------------------------
<CSTART,NEAR_CODE,RCODE> 1 (was NEAR_CODE)
  Relative segment, address: CODE 00000911 - 00000918 (0x8 bytes), align: 0
  Segment part 126.           Intra module refs:   macBeaconClearIndirect
                                                   macBeaconSyncLoss
    -------------------------------------------------------------------------
<CSTART,NEAR_CODE,RCODE> 1 (was NEAR_CODE)
  Relative segment, address: CODE 00000919 - 00000971 (0x59 bytes), align: 0
  Segment part 127.           Intra module refs:   macApiSyncReq
           LOCAL                   ADDRESS         
           =====                   =======         
           macSyncTimeoutCallback
                                   00000919 
               calls direct, is indirectly called
               XSTACK = 00000000 ( 0000000F )
    -------------------------------------------------------------------------
<CODE_C,CSTART,NEAR_CODE,RCODE> 1 (was CODE_C)
  Relative segment, address: CODE 0000930E - 00009311 (0x4 bytes), align: 0
  Segment part 14.            Intra module refs:   MAC_InitCoord
    -------------------------------------------------------------------------
<CODE_C,CSTART,NEAR_CODE,RCODE> 1 (was CODE_C)
  Relative segment, address: CODE 00009270 - 0000927D (0xe bytes), align: 0
  Segment part 15.            Intra module refs:   MAC_InitCoord
    -------------------------------------------------------------------------
<CODE_C,CSTART,NEAR_CODE,RCODE> 1 (was CODE_C)
  Relative segment, address: CODE 000092FA - 00009301 (0x8 bytes), align: 0
  Segment part 16.            Intra module refs:   MAC_InitCoord
    -------------------------------------------------------------------------
XDATA_Z
  Relative segment, address: XDATA 000009D8 - 000009F9 (0x22 bytes), align: 0
  Segment part 17.            Intra module refs:   Segment part 105
                                                   Segment part 108
                                                   macBeaconStartContinue
                                                   macBuildBeacon
                                                   macBuildRealign
                                                   macCoordReset
                                                   macIndirectExpire
                                                   macIndirectTxFrame
                                                   macRxBeaconReq
                                                   macRxEnhancedBeaconReq
                                                   macStartBegin
                                                   macStartComplete
                                                   macStartSetParams
           ENTRY                   ADDRESS         REF BY
           =====                   =======         ======
           macCoord                000009D8 
    -------------------------------------------------------------------------
<CSTART,NEAR_CODE,RCODE> 1 (was NEAR_CODE)
  Relative segment, address: CODE 00000972 - 00000973 (0x2 bytes), align: 0
  Segment part 128.           Intra module refs:   macApiStartReq
                                                   macBuildAssociateReq
                                                   macBuildAssociateRsp
                                                   macBuildDisassociateReq
                                                   macScanNextChan
    -------------------------------------------------------------------------
<CSTART,NEAR_CODE,RCODE> 1 (was NEAR_CODE)
  Relative segment, address: CODE 00000974 - 00000976 (0x3 bytes), align: 0
  Segment part 129.           Intra module refs:   Segment part 128
                                                   macRxAssocRsp
                                                   macStartFrameResponseTimer
    -------------------------------------------------------------------------
<CSTART,NEAR_CODE,RCODE> 1 (was NEAR_CODE)
  Relative segment, address: CODE 00000977 - 0000097B (0x5 bytes), align: 0
  Segment part 130.           Intra module refs:   Segment part 129
                                                   macApiScanReq
                                                   macApiSyncReq
                                                   macBeaconPrepareCallback
                                                   macBeaconStartContinue
                                                   macDataTxSend
                                                   macStartBegin
                                                   macStartBroadcastPendTimer
                                                   macSyncTimeoutCallback
                                                   macTimerSetRollover
                                                   macTimerSyncRollover
                                                   macTimerUpdateBackoffTimer
                                                   macTrackStartCallback
                                                   macTxBeaconCompleteCallback
    -------------------------------------------------------------------------
<CSTART,NEAR_CODE,RCODE> 1 (was NEAR_CODE)
  Relative segment, address: CODE 0000097C - 00000A20 (0xa5 bytes), align: 0
  Segment part 131.           Intra module refs:   MAC_InitBeaconDevice
                                                   macTrackStartCallback
           LOCAL                   ADDRESS         
           =====                   =======         
           macTrackTimeoutCallback
                                   0000097C 
               calls direct, is indirectly called
               XSTACK = 00000000 ( 00000013 )
    -------------------------------------------------------------------------
<CSTART,NEAR_CODE,RCODE> 1 (was NEAR_CODE)
  Relative segment, address: CODE 00000A21 - 00000A88 (0x68 bytes), align: 0
  Segment part 132.           Intra module refs:   MAC_InitBeaconDevice
           LOCAL                   ADDRESS         
           =====                   =======         
           macTrackStartCallback   00000A21 
               calls direct, is indirectly called
               XSTACK = 00000000 ( 0000000F )
    -------------------------------------------------------------------------
<CSTART,NEAR_CODE,RCODE> 1 (was NEAR_CODE)
  Relative segment, address: CODE 00000A89 - 00000A92 (0xa bytes), align: 0
  Segment part 133.           Intra module refs:   Segment part 97
                                                   macTrackStartCallback
    -------------------------------------------------------------------------
<CSTART,NEAR_CODE,RCODE> 1 (was NEAR_CODE)
  Relative segment, address: CODE 00000A93 - 00000A96 (0x4 bytes), align: 0
  Segment part 134.           Intra module refs:   macBeaconStartContinue
                                                   macBeaconTxCallback
    -------------------------------------------------------------------------
<CSTART,NEAR_CODE,RCODE> 1 (was NEAR_CODE)
  Relative segment, address: CODE 00000A97 - 00000A9C (0x6 bytes), align: 0
  Segment part 135.           Intra module refs:   Segment part 134
                                                   macBeaconPrepareCallback
                                                   macRxBeaconCritical
                                                   macTrackStartCallback
                                                   macTrackTimeoutCallback
                                                   macTxBeaconCompleteCallback
    -------------------------------------------------------------------------
<CSTART,NEAR_CODE,RCODE> 1 (was NEAR_CODE)
  Relative segment, address: CODE 00000A9D - 00000AA2 (0x6 bytes), align: 0
  Segment part 136.           Intra module refs:   macBeaconCheckTxTime
                                                   macTrackStartCallback
    -------------------------------------------------------------------------
<CSTART,NEAR_CODE,RCODE> 1 (was NEAR_CODE)
  Relative segment, address: CODE 00000AA3 - 00000AB3 (0x11 bytes), align: 0
  Segment part 137.           Intra module refs:   Segment part 136
                                                   macApiBeaconStartReq
    -------------------------------------------------------------------------
<CSTART,NEAR_CODE,RCODE> 1 (was NEAR_CODE)
  Relative segment, address: CODE 00000AB4 - 00000AB5 (0x2 bytes), align: 0
  Segment part 138.           Intra module refs:   macStartSetParams
                                                   macTrackStartCallback
    -------------------------------------------------------------------------
<CSTART,NEAR_CODE,RCODE> 1 (was NEAR_CODE)
  Relative segment, address: CODE 00000AB6 - 00000ABD (0x8 bytes), align: 0
  Segment part 139.           Intra module refs:   Segment part 138
                                                   macRxBeaconCritical
    -------------------------------------------------------------------------
<CSTART,NEAR_CODE,RCODE> 1 (was NEAR_CODE)
  Relative segment, address: CODE 00000ABE - 00000B02 (0x45 bytes), align: 0
  Segment part 140.           Intra module refs:   macAutoPoll
                                                   macRxBeaconCritical
           LOCAL                   ADDRESS         
           =====                   =======         
           macTrackPeriodCallback
                                   00000ABE 
               calls direct, is indirectly called
               XSTACK = 00000016 ( 00000003 )
               ISTACK = 00000000 ( 00000003 )
    -------------------------------------------------------------------------
<CSTART,NEAR_CODE,RCODE> 1 (was NEAR_CODE)
  Relative segment, address: CODE 00000B03 - 00000B0B (0x9 bytes), align: 0
  Segment part 141.           Intra module refs:   macBeaconSetSched
                                                   macTrackPeriodCallback
    -------------------------------------------------------------------------
<CSTART,NEAR_CODE,RCODE> 1 (was NEAR_CODE)
  Relative segment, address: CODE 00000B0C - 00000B14 (0x9 bytes), align: 0
  Segment part 142.           Intra module refs:   macBeaconSetSched
                                                   macTrackPeriodCallback
    -------------------------------------------------------------------------
<CSTART,NEAR_CODE,RCODE> 1 (was NEAR_CODE)
  Relative segment, address: CODE 00000B15 - 00000C7C (0x168 bytes), align: 0
  Segment part 143.           Intra module refs:   MAC_InitBeaconDevice
           LOCAL                   ADDRESS         
           =====                   =======         
           macRxBeaconCritical     00000B15 
               calls direct, is indirectly called
               XSTACK = 00000000 ( 00000013 )
    -------------------------------------------------------------------------
<CSTART,NEAR_CODE,RCODE> 1 (was NEAR_CODE)
  Relative segment, address: CODE 00000C7D - 00000C89 (0xd bytes), align: 0
  Segment part 144.           Intra module refs:   macBeaconStopTrack
                                                   macRxBeaconCritical
    -------------------------------------------------------------------------
<CSTART,NEAR_CODE,RCODE> 1 (was NEAR_CODE)
  Relative segment, address: CODE 00000C8A - 00000C8C (0x3 bytes), align: 0
  Segment part 145.           Intra module refs:   macRxBeacon
                                                   macRxBeaconCritical
    -------------------------------------------------------------------------
<CSTART,NEAR_CODE,RCODE> 1 (was NEAR_CODE)
  Relative segment, address: CODE 00000C8D - 00000C96 (0xa bytes), align: 0
  Segment part 146.           Intra module refs:   Segment part 145
                                                   macApiDisassociateReq
    -------------------------------------------------------------------------
<CSTART,NEAR_CODE,RCODE> 1 (was NEAR_CODE)
  Relative segment, address: CODE 00000C97 - 00000C9F (0x9 bytes), align: 0
  Segment part 147.           Intra module refs:   macRxBeaconCritical
                                                   macTrackTimeoutCallback
    -------------------------------------------------------------------------
<CSTART,NEAR_CODE,RCODE> 1 (was NEAR_CODE)
  Relative segment, address: CODE 00000CA0 - 00000CDC (0x3d bytes), align: 0
  Segment part 148.
           ENTRY                   ADDRESS         REF BY
           =====                   =======         ======
           MAC_InitBeaconDevice    00000CA0        osalInitTasks (osal_setup)
               calls direct
               ISTACK = 00000000 ( 00000002 )
    -------------------------------------------------------------------------
<CSTART,NEAR_CODE,RCODE> 1 (was NEAR_CODE)
  Relative segment, address: CODE 00000CDD - 00000CE5 (0x9 bytes), align: 0
  Segment part 149.           Intra module refs:   MAC_InitBeaconCoord
                                                   MAC_InitBeaconDevice
    -------------------------------------------------------------------------
<CSTART,NEAR_CODE,RCODE> 1 (was NEAR_CODE)
  Relative segment, address: CODE 00000CE6 - 00000E17 (0x132 bytes), align: 0
  Segment part 150.           Intra module refs:   Segment part 12
           ENTRY                   ADDRESS         REF BY
           =====                   =======         ======
           macAutoPoll             00000CE6 
               calls direct, is indirectly called
               XSTACK = 00000000 ( 0000001C )
               ISTACK = 00000000 ( 00000002 )
    -------------------------------------------------------------------------
<CSTART,NEAR_CODE,RCODE> 1 (was NEAR_CODE)
  Relative segment, address: CODE 00000E18 - 00000E19 (0x2 bytes), align: 0
  Segment part 151.           Intra module refs:   macApiPollReq
                                                   macAssocDataReq
                                                   macAutoPoll
    -------------------------------------------------------------------------
<CSTART,NEAR_CODE,RCODE> 1 (was NEAR_CODE)
  Relative segment, address: CODE 00000E1A - 00000E1F (0x6 bytes), align: 0
  Segment part 152.           Intra module refs:   Segment part 151
                                                   macRxBeacon
                                                   macRxDataReq
                                                   macScanNextChan
    -------------------------------------------------------------------------
<CSTART,NEAR_CODE,RCODE> 1 (was NEAR_CODE)
  Relative segment, address: CODE 00000E20 - 00000F40 (0x121 bytes), align: 0
  Segment part 153.           Intra module refs:   Segment part 12
           ENTRY                   ADDRESS         REF BY
           =====                   =======         ======
           macApiSyncReq           00000E20 
               calls direct, is indirectly called
               XSTACK = 00000000 ( 0000000F )
    -------------------------------------------------------------------------
<CSTART,NEAR_CODE,RCODE> 1 (was NEAR_CODE)
  Relative segment, address: CODE 00000F41 - 00000F42 (0x2 bytes), align: 0
  Segment part 154.           Intra module refs:   macApiSyncReq
                                                   macStartBegin
    -------------------------------------------------------------------------
<CSTART,NEAR_CODE,RCODE> 1 (was NEAR_CODE)
  Relative segment, address: CODE 00000F43 - 00000F49 (0x7 bytes), align: 0
  Segment part 155.           Intra module refs:   Segment part 154
                                                   macApiAssociateReq
    -------------------------------------------------------------------------
<CSTART,NEAR_CODE,RCODE> 1 (was NEAR_CODE)
  Relative segment, address: CODE 00000F4A - 00000FB8 (0x6f bytes), align: 0
  Segment part 156.           Intra module refs:   Segment part 12
           ENTRY                   ADDRESS         REF BY
           =====                   =======         ======
           macBeaconStartFrameResponseTimer
                                   00000F4A 
               calls direct, is indirectly called
               XSTACK = 00000000 ( 00000013 )
    -------------------------------------------------------------------------
<CSTART,NEAR_CODE,RCODE> 1 (was NEAR_CODE)
  Relative segment, address: CODE 00000FB9 - 00000FF7 (0x3f bytes), align: 0
  Segment part 157.           Intra module refs:   Segment part 12
           ENTRY                   ADDRESS         REF BY
           =====                   =======         ======
           macStartBroadcastPendTimer
                                   00000FB9 
               calls direct, is indirectly called
               XSTACK = 00000000 ( 0000000F )
    -------------------------------------------------------------------------
<CSTART,NEAR_CODE,RCODE> 1 (was NEAR_CODE)
  Relative segment, address: CODE 00000FF8 - 00000FFA (0x3 bytes), align: 0
  Segment part 158.           Intra module refs:   macStartBroadcastPendTimer
                                                   macStartFrameResponseTimer
    -------------------------------------------------------------------------
<CSTART,NEAR_CODE,RCODE> 1 (was NEAR_CODE)
  Relative segment, address: CODE 00000FFB - 00001005 (0xb bytes), align: 0
  Segment part 159.           Intra module refs:   Segment part 158
                                                   macBeaconStartFrameResponseTimer
    -------------------------------------------------------------------------
<CSTART,NEAR_CODE,RCODE> 1 (was NEAR_CODE)
  Relative segment, address: CODE 00001006 - 0000104B (0x46 bytes), align: 0
  Segment part 160.           Intra module refs:   MAC_InitCoord
           ENTRY                   ADDRESS         REF BY
           =====                   =======         ======
           macCoordReset           00001006 
               calls direct, is indirectly called
               ISTACK = 00000000 ( 00000002 )
    -------------------------------------------------------------------------
<CSTART,NEAR_CODE,RCODE> 1 (was NEAR_CODE)
  Relative segment, address: CODE 0000104C - 000010FE (0xb3 bytes), align: 0
  Segment part 161.           Intra module refs:   macApiAssociateRsp
           ENTRY                   ADDRESS         REF BY
           =====                   =======         ======
           macBuildAssociateRsp    0000104C 
               calls direct
               XSTACK = 00000000 ( 00000016 )
               ISTACK = 00000000 ( 00000001 )
    -------------------------------------------------------------------------
<CODE_C,CSTART,NEAR_CODE,RCODE> 1 (was CODE_C)
  Relative segment, address: CODE 000092B0 - 000092BB (0xc bytes), align: 0
  Segment part 18.            Intra module refs:   macAllocTxBuffer
    -------------------------------------------------------------------------
<CODE_C,CSTART,NEAR_CODE,RCODE> 1 (was CODE_C)
  Relative segment, address: CODE 000092F1 - 000092F9 (0x9 bytes), align: 0
  Segment part 19.            Intra module refs:   macRxCompleteCallback
    -------------------------------------------------------------------------
<CODE_C,CSTART,NEAR_CODE,RCODE> 1 (was CODE_C)
  Relative segment, address: CODE 0000928C - 00009297 (0xc bytes), align: 0
  Segment part 20.            Intra module refs:   macDataTxComplete
           ENTRY                   ADDRESS         REF BY
           =====                   =======         ======
           macTxFrameSuccess       0000928C 
    -------------------------------------------------------------------------
<CODE_C,CSTART,NEAR_CODE,RCODE> 1 (was CODE_C)
  Relative segment, address: CODE 000092A4 - 000092AF (0xc bytes), align: 0
  Segment part 21.            Intra module refs:   macAllocTxBuffer
                                                   macDataTxComplete
           ENTRY                   ADDRESS         REF BY
           =====                   =======         ======
           macTxFrameFailed        000092A4 
    -------------------------------------------------------------------------
XDATA_Z
  Relative segment, address: XDATA 000009FA - 00000A02 (0x9 bytes), align: 0
  Segment part 22.            Intra module refs:   Segment part 199
                                                   Segment part 272
                                                   macApiPurgeReq
                                                   macAutoPoll
                                                   macBeaconCheckTxTime
                                                   macBeaconClearIndirect
                                                   macBeaconRequeue
                                                   macBeaconSchedRequested
                                                   macBeaconSetupBroadcast
                                                   macBeaconSyncLoss
                                                   macBuildBeacon
                                                   macBuildPendAddr
                                                   macDataReset
                                                   macDataRxMemAlloc
                                                   macDataTxEnqueue
                                                   macDataTxSend
                                                   macEventLoop
                                                   macIndirectExpire
                                                   macIndirectMark
                                                   macIndirectRequeueFrame
                                                   macIndirectSend
                                                   macIndirectTxFrame
                                                   macOutgoingNonSlottedTx
                                                   macRxCheckMACPendingCallback
                                                   macRxCompleteCallback
                                                   macTrackPeriodCallback
           ENTRY                   ADDRESS         REF BY
           =====                   =======         ======
           macData                 000009FA 
    -------------------------------------------------------------------------
XDATA_Z
  Relative segment, address: XDATA 00000A03 - 00000A04 (0x2 bytes), align: 0
  Segment part 23.            Intra module refs:   Segment part 301
                                                   Segment part 304
                                                   Segment part 305
                                                   Segment part 306
                                                   Segment part 316
                                                   Segment part 322
                                                   Segment part 324
                                                   Segment part 531
                                                   macBeaconTxCallback
                                                   macDataTxSend
                                                   macTxBeaconCompleteCallback
                                                   macTxCompleteCallback
           ENTRY                   ADDRESS         REF BY
           =====                   =======         ======
           pMacDataTx              00000A03        ?Subroutine3 (mac_tx)
                                                   macTxFrame (mac_tx)
                                                   macTxTimestampCallback (mac_tx)
                                                   rxStartIsr (mac_rx)
    -------------------------------------------------------------------------
XDATA_I
  Relative segment, address: XDATA 00000C2C - 00000C2D (0x2 bytes), align: 0
  Segment part 24.            Intra module refs:   MAC_InitCoord
                                                   macDataTxEnqueue
           ENTRY                   ADDRESS         REF BY
           =====                   =======         ======
           macDataTxIndirect       00000C2C 
    -------------------------------------------------------------------------
XDATA_I
  Relative segment, address: XDATA 00000C2E - 00000C2F (0x2 bytes), align: 0
  Segment part 26.            Intra module refs:   MAC_InitCoord
                                                   Segment part 305
           ENTRY                   ADDRESS         REF BY
           =====                   =======         ======
           macDataRequeueIndirect
                                   00000C2E 
    -------------------------------------------------------------------------
XDATA_I
  Relative segment, address: XDATA 00000C30 - 00000C31 (0x2 bytes), align: 0
  Segment part 28.            Intra module refs:   MAC_InitBeaconDevice
                                                   macRxCompleteCallback
           ENTRY                   ADDRESS         REF BY
           =====                   =======         ======
           macDataRxBeaconCritical
                                   00000C30 
    -------------------------------------------------------------------------
XDATA_I
  Relative segment, address: XDATA 00000C32 - 00000C33 (0x2 bytes), align: 0
  Segment part 30.            Intra module refs:   MAC_InitBeaconCoord
                                                   macDataTxComplete
           ENTRY                   ADDRESS         REF BY
           =====                   =======         ======
           macDataTxBeaconComplete
                                   00000C32 
    -------------------------------------------------------------------------
XDATA_I
  Relative segment, address: XDATA 00000C34 - 00000C35 (0x2 bytes), align: 0
  Segment part 32.            Intra module refs:   macBeaconInit
                                                   macDataTxEnqueue
           ENTRY                   ADDRESS         REF BY
           =====                   =======         ======
           macDataSetSched         00000C34 
    -------------------------------------------------------------------------
XDATA_I
  Relative segment, address: XDATA 00000C36 - 00000C37 (0x2 bytes), align: 0
  Segment part 34.            Intra module refs:   macBeaconInit
                                                   macDataTxSend
                                                   macIndirectTxFrame
           ENTRY                   ADDRESS         REF BY
           =====                   =======         ======
           macDataCheckSched       00000C36 
    -------------------------------------------------------------------------
XDATA_Z
  Relative segment, address: XDATA 00000A05 - 00000A06 (0x2 bytes), align: 0
  Segment part 36.            Intra module refs:   macBeaconInit
                                                   macDataTxTimeAvailable
           ENTRY                   ADDRESS         REF BY
           =====                   =======         ======
           macDataCheckTxTime      00000A05 
    -------------------------------------------------------------------------
XDATA_I
  Relative segment, address: XDATA 00000C38 - 00000C39 (0x2 bytes), align: 0
  Segment part 37.            Intra module refs:   macBeaconInit
                                                   macTxCompleteCallback
           ENTRY                   ADDRESS         REF BY
           =====                   =======         ======
           macDataBeaconRequeue    00000C38 
    -------------------------------------------------------------------------
XDATA_Z
  Relative segment, address: XDATA 00000A07 - 00000A0F (0x9 bytes), align: 0
  Segment part 39.            Intra module refs:   macDataReset
           ENTRY                   ADDRESS         REF BY
           =====                   =======         ======
           macDataTxDelay          00000A07 
    -------------------------------------------------------------------------
<CODE_C,CSTART,NEAR_CODE,RCODE> 1 (was CODE_C)
  Relative segment, address: CODE 00009228 - 00009243 (0x1c bytes), align: 0
  Segment part 40.            Intra module refs:   MAC_InitDevice
    -------------------------------------------------------------------------
<CODE_C,CSTART,NEAR_CODE,RCODE> 1 (was CODE_C)
  Relative segment, address: CODE 000092DD - 000092E6 (0xa bytes), align: 0
  Segment part 41.            Intra module refs:   MAC_InitDevice
    -------------------------------------------------------------------------
XDATA_Z
  Relative segment, address: XDATA 00000A10 - 00000A2D (0x1e bytes), align: 0
  Segment part 42.            Intra module refs:   Segment part 366
                                                   Segment part 369
                                                   Segment part 373
                                                   Segment part 389
                                                   macApiPollReq
                                                   macAssocDataReq
                                                   macAssocDataReqComplete
                                                   macAssocFailed
                                                   macAssocFrameResponseTimeout
                                                   macAssociateCnf
                                                   macAutoPoll
                                                   macBeaconStartFrameResponseTimer
                                                   macDeviceReset
                                                   macPollDataReqComplete
                                                   macPollDataRxInd
                                                   macRxAssocRsp
                                                   macRxBeaconCritical
                                                   macStartFrameResponseTimer
                                                   macStartResponseTimer
           ENTRY                   ADDRESS         REF BY
           =====                   =======         ======
           macDevice               00000A10 
    -------------------------------------------------------------------------
<CSTART,NEAR_CODE,RCODE> 1 (was NEAR_CODE)
  Relative segment, address: CODE 000010FF - 00001109 (0xb bytes), align: 0
  Segment part 162.           Intra module refs:   macBuildAssociateReq
                                                   macBuildDisassociateReq
    -------------------------------------------------------------------------
<CSTART,NEAR_CODE,RCODE> 1 (was NEAR_CODE)
  Relative segment, address: CODE 0000110A - 00001111 (0x8 bytes), align: 0
  Segment part 163.           Intra module refs:   Segment part 162
                                                   macBuildAssociateRsp
    -------------------------------------------------------------------------
<CSTART,NEAR_CODE,RCODE> 1 (was NEAR_CODE)
  Relative segment, address: CODE 00001112 - 00001118 (0x7 bytes), align: 0
  Segment part 164.           Intra module refs:   Segment part 163
                                                   macBuildDataFrame
                                                   macRxDataReq
    -------------------------------------------------------------------------
<CSTART,NEAR_CODE,RCODE> 1 (was NEAR_CODE)
  Relative segment, address: CODE 00001119 - 00001129 (0x11 bytes), align: 0
  Segment part 165.           Intra module refs:   macBuildAssociateRsp
    -------------------------------------------------------------------------
<CSTART,NEAR_CODE,RCODE> 1 (was NEAR_CODE)
  Relative segment, address: CODE 0000112A - 00001131 (0x8 bytes), align: 0
  Segment part 166.           Intra module refs:   Segment part 163
                                                   Segment part 165
    -------------------------------------------------------------------------
<CSTART,NEAR_CODE,RCODE> 1 (was NEAR_CODE)
  Relative segment, address: CODE 00001132 - 00001134 (0x3 bytes), align: 0
  Segment part 167.           Intra module refs:   macBuildAssociateReq
                                                   macBuildAssociateRsp
                                                   macBuildDisassociateReq
    -------------------------------------------------------------------------
<CSTART,NEAR_CODE,RCODE> 1 (was NEAR_CODE)
  Relative segment, address: CODE 00001135 - 0000113C (0x8 bytes), align: 0
  Segment part 168.           Intra module refs:   Segment part 167
                                                   macBuildCommonReq
                                                   macBuildEnhanceBeaconReq
                                                   macBuildRealign
    -------------------------------------------------------------------------
<CSTART,NEAR_CODE,RCODE> 1 (was NEAR_CODE)
  Relative segment, address: CODE 0000113D - 00001212 (0xd6 bytes), align: 0
  Segment part 169.           Intra module refs:   macApiBeaconStartReq
                                                   macApiOrphanRsp
                                                   macApiStartReq
           ENTRY                   ADDRESS         REF BY
           =====                   =======         ======
           macBuildRealign         0000113D 
               calls direct
               XSTACK = 00000021 ( 00000011 )
               ISTACK = 00000000 ( 00000001 )
    -------------------------------------------------------------------------
<CSTART,NEAR_CODE,RCODE> 1 (was NEAR_CODE)
  Relative segment, address: CODE 00001213 - 00001215 (0x3 bytes), align: 0
  Segment part 170.           Intra module refs:   macBuildAssociateReq
                                                   macBuildRealign
    -------------------------------------------------------------------------
<CSTART,NEAR_CODE,RCODE> 1 (was NEAR_CODE)
  Relative segment, address: CODE 00001216 - 0000121B (0x6 bytes), align: 0
  Segment part 171.           Intra module refs:   Segment part 170
                                                   macBuildDataFrame
    -------------------------------------------------------------------------
<CSTART,NEAR_CODE,RCODE> 1 (was NEAR_CODE)
  Relative segment, address: CODE 0000121C - 00001220 (0x5 bytes), align: 0
  Segment part 172.           Intra module refs:   macBuildAssociateReq
                                                   macBuildCommonReq
                                                   macBuildEnhanceBeaconReq
                                                   macBuildRealign
    -------------------------------------------------------------------------
<CSTART,NEAR_CODE,RCODE> 1 (was NEAR_CODE)
  Relative segment, address: CODE 00001221 - 00001229 (0x9 bytes), align: 0
  Segment part 173.           Intra module refs:   Segment part 172
                                                   macBuildBeacon
                                                   macSendMsg
    -------------------------------------------------------------------------
<CSTART,NEAR_CODE,RCODE> 1 (was NEAR_CODE)
  Relative segment, address: CODE 0000122A - 0000122C (0x3 bytes), align: 0
  Segment part 174.           Intra module refs:   macBeaconStartFrameResponseTimer
                                                   macScanStartTimer
                                                   macStartResponseTimer
    -------------------------------------------------------------------------
<CSTART,NEAR_CODE,RCODE> 1 (was NEAR_CODE)
  Relative segment, address: CODE 0000122D - 0000122F (0x3 bytes), align: 0
  Segment part 175.           Intra module refs:   Segment part 174
                                                   Segment part 425
    -------------------------------------------------------------------------
<CSTART,NEAR_CODE,RCODE> 1 (was NEAR_CODE)
  Relative segment, address: CODE 00001230 - 00001234 (0x5 bytes), align: 0
  Segment part 176.           Intra module refs:   MAC_PwrNextTimeout
                                                   Segment part 175
                                                   Segment part 601
                                                   Segment part 604
                                                   macBeaconCheckTxTime
                                                   macBeaconSetPrepareTime
                                                   macBeaconSetupCap
                                                   macBuildPendAddr
                                                   macBuildRealign
                                                   macIndirectSend
                                                   macRxBeaconCritical
                                                   macTimerRecalcUnaligned
                                                   macTimerStart
                                                   macTrackTimeoutCallback
    -------------------------------------------------------------------------
<CSTART,NEAR_CODE,RCODE> 1 (was NEAR_CODE)
  Relative segment, address: CODE 00001235 - 00001311 (0xdd bytes), align: 0
  Segment part 177.           Intra module refs:   macBuildBeacon
           LOCAL                   ADDRESS         
           =====                   =======         
           macBuildPendAddr        00001235 
               calls direct
               XSTACK = 0000001D ( 0000000F )
               ISTACK = 00000000 ( 00000001 )
    -------------------------------------------------------------------------
<CSTART,NEAR_CODE,RCODE> 1 (was NEAR_CODE)
  Relative segment, address: CODE 00001312 - 0000131E (0xd bytes), align: 0
  Segment part 178.           Intra module refs:   macBuildPendAddr
    -------------------------------------------------------------------------
<CSTART,NEAR_CODE,RCODE> 1 (was NEAR_CODE)
  Relative segment, address: CODE 0000131F - 0000132D (0xf bytes), align: 0
  Segment part 179.           Intra module refs:   macBuildPendAddr
    -------------------------------------------------------------------------
<CSTART,NEAR_CODE,RCODE> 1 (was NEAR_CODE)
[...]
                                                   txCsmaPrep (mac_tx)

    -------------------------------------------------------------------------
  LIBRARY MODULE, NAME : ?FUNC_LEAVE_XDATA

  SEGMENTS IN THE MODULE
  ======================
<CODE_C,CSTART,NEAR_CODE,RCODE> 1 (was RCODE)
  Relative segment, address: CODE 00008ACB - 00008B0A (0x40 bytes), align: 0
  Segment part 1.
           ENTRY                   ADDRESS         REF BY
           =====                   =======         ======
           ?FUNC_LEAVE_XDATA       00008ACB        ?Subroutine0 (OSAL_Clock)
                                                   ?Subroutine0 (hal_sleep)
                                                   ?Subroutine1 (OSAL)
                                                   ?Subroutine1 (OSAL_Timers)
                                                   ?Subroutine1 (mac_mem)
                                                   ?Subroutine1 (mac_radio)
                                                   ?Subroutine1 (mac_rx)
                                                   ?Subroutine1 (mac_tx)
                                                   ?Subroutine1 (saddr)
                                                   ?Subroutine2 (OSAL)
                                                   ?Subroutine2 (mac_backoff_timer)
                                                   HalAdcRead (hal_adc)
                                                   HalKeyConfig (hal_key)
                                                   HalLedBlink (hal_led)
                                                   HalLedSet (hal_led)
                                                   HalLedUpdate (hal_led)
                                                   Hal_ProcessEvent (hal_drivers)
                                                   MAC_CbackEvent (mac_callbacks)
                                                   MAC_MlmeSetReq (mac_pib)
                                                   Segment part 115 (mac_beacon)
                                                   Segment part 130 (mac_beacon)
                                                   Segment part 176 (mac_beacon)
                                                   Segment part 185 (mac_beacon)
                                                   Segment part 19 (mac_rx_onoff)
                                                   Segment part 190 (mac_beacon)
                                                   Segment part 21 (OSAL)
                                                   Segment part 223 (mac_beacon)
                                                   Segment part 28 (mac_backoff_timer)
                                                   Segment part 364 (mac_beacon)
                                                   Segment part 380 (mac_beacon)
                                                   Segment part 64 (mac_mcu)
                                                   halAssertHazardLights (hal_assert)
                                                   halGetJoyKeyInput (hal_key)
                                                   macApiBeaconStartReq (mac_beacon)
                                                   macBuildHeader (mac_beacon)
                                                   macCspTxGoSlotted (mac_csp_tx)
                                                   macCspTxRequestAckTimeoutCallback (mac_csp_tx)
                                                   macMcuInit (mac_mcu)
                                                   macSleep (mac_sleep)
                                                   macTxTimestampCallback (mac_tx)
                                                   memset (?memset)
                                                   osalAddTimer (OSAL_Timers)
                                                   osalTimerUpdate (OSAL_Timers)
                                                   osal_mem_alloc (OSAL_Memory)
                                                   osal_mem_free (OSAL_Memory)
                                                   osal_mem_kick (OSAL_Memory)
                                                   osal_pwrmgr_powerconserve (OSAL_PwrMgr)
                                                   pancake_init (pancake)
                                                   port_process_mac_event (port_callbacks)
                                                   port_scan_request (port_internal)
                                                   rxFcsIsr (mac_rx)
                                                   rxStartIsr (mac_rx)
                                                   txCsmaPrep (mac_tx)

    -------------------------------------------------------------------------
  LIBRARY MODULE, NAME : ?INTERRUPT_ENTER_XSP

  SEGMENTS IN THE MODULE
  ======================
<CSTART,NEAR_CODE,RCODE> 1 (was RCODE)
  Relative segment, address: CODE 000088C8 - 00008926 (0x5f bytes), align: 0
  Segment part 1.
           ENTRY                   ADDRESS         REF BY
           =====                   =======         ======
           ?INTERRUPT_ENTER_XSP    000088C8        Timer4_ISR (port)
                                                   halKeyPort0Isr (hal_key)
                                                   halKeyPort2Isr (hal_key)
                                                   macMcuRfErrIsr (mac_mcu)
                                                   macMcuRfIsr (mac_mcu)
                                                   macMcuTimer2Isr (mac_mcu)

    -------------------------------------------------------------------------
  LIBRARY MODULE, NAME : ?INTERRUPT_LEAVE_XSP

  SEGMENTS IN THE MODULE
  ======================
<CSTART,NEAR_CODE,RCODE> 1 (was RCODE)
  Relative segment, address: CODE 000089DD - 00008A34 (0x58 bytes), align: 0
  Segment part 1.
           ENTRY                   ADDRESS         REF BY
           =====                   =======         ======
           ?INTERRUPT_LEAVE_XSP    000089DD        ?Subroutine1 (hal_key)
                                                   ?Subroutine2 (mac_mcu)
                                                   Timer4_ISR (port)

    -------------------------------------------------------------------------
  LIBRARY MODULE, NAME : ?PUSH_XSTACK_I

  SEGMENTS IN THE MODULE
  ======================
<CODE_C,CSTART,NEAR_CODE,RCODE> 1 (was RCODE)
  Relative segment, address: CODE 00008D1A - 00008D1D (0x4 bytes), align: 0
  Segment part 0.
           ENTRY                   ADDRESS         REF BY
           =====                   =======         ======
           ?PUSH_XSTACK_I_FOUR     00008D1A        HalLedUpdate (hal_led)
                                                   macApiSyncReq (mac_beacon)
                                                   macBeaconPrepareCallback (mac_beacon)
                                                   macBeaconStartFrameResponseTimer (mac_beacon)
                                                   macRxBeaconCritical (mac_beacon)
                                                   macScanStartTimer (mac_beacon)
                                                   macStartBroadcastPendTimer (mac_beacon)
                                                   macStartFrameResponseTimer (mac_beacon)
                                                   macStartResponseTimer (mac_beacon)
                                                   macSyncTimeoutCallback (mac_beacon)
                                                   macTrackStartCallback (mac_beacon)
                                                   macTrackTimeoutCallback (mac_beacon)
                                                   macTxBeaconCompleteCallback (mac_beacon)
                                                   osal_start_timerEx (OSAL_Timers)
    -------------------------------------------------------------------------
<CODE_C,CSTART,NEAR_CODE,RCODE> 1 (was RCODE)
  Relative segment, address: CODE 00008D1E - 00008D21 (0x4 bytes), align: 0
  Segment part 2.
           ENTRY                   ADDRESS         REF BY
           =====                   =======         ======
           ?PUSH_XSTACK_I_TWO      00008D1E        MAC_CbackEvent (mac_callbacks)
                                                   MAC_MlmeSetReq (mac_pib)
                                                   macApiAssociateReq (mac_beacon)
                                                   macApiBeaconStartReq (mac_beacon)
                                                   macApiPollReq (mac_beacon)
                                                   macApiPurgeReq (mac_beacon)
                                                   macApiScanReq (mac_beacon)
                                                   macApiStartReq (mac_beacon)
                                                   macAssocDataReq (mac_beacon)
                                                   macAssociateCnf (mac_beacon)
                                                   macAutoPoll (mac_beacon)
                                                   macBeaconSetupBroadcast (mac_beacon)
                                                   macBuildAssociateReq (mac_beacon)
                                                   macBuildAssociateRsp (mac_beacon)
                                                   macBuildBeacon (mac_beacon)
                                                   macBuildCommonReq (mac_beacon)
                                                   macBuildDisassociateReq (mac_beacon)
                                                   macBuildEnhanceBeaconReq (mac_beacon)
                                                   macBuildRealign (mac_beacon)
                                                   macDataTxSend (mac_beacon)
                                                   macIndirectExpire (mac_beacon)
                                                   macRxAssocRsp (mac_beacon)
                                                   macRxBeacon (mac_beacon)
                                                   macRxDataReq (mac_beacon)
                                                   macScanNextChan (mac_beacon)
                                                   macScanRxBeacon (mac_beacon)
                                                   macSecCpy (mac_beacon)
                                                   macSendMsg (mac_beacon)
                                                   macStartBegin (mac_beacon)
                                                   macStartSetParams (mac_beacon)
                                                   main (main)
                                                   osalTimeUpdate (OSAL_Clock)
                                                   osal_memset (OSAL)
                                                   osal_msg_receive (OSAL)
                                                   rxStartIsr (mac_rx)
                                                   sAddrExtCpy (saddr)
    -------------------------------------------------------------------------
<CODE_C,CSTART,NEAR_CODE,RCODE> 1 (was RCODE)
  Relative segment, address: CODE 00008D22 - 00008D23 (0x2 bytes), align: 0
  Segment part 3.
           ENTRY                   ADDRESS         REF BY
           =====                   =======         ======
           ?PUSH_XSTACK_I_ONE      00008D22        macScanNextChan (mac_beacon)
    -------------------------------------------------------------------------
<CODE_C,CSTART,NEAR_CODE,RCODE> 1 (was RCODE)
  Relative segment, address: CODE 00008D24 - 00008D30 (0xd bytes), align: 0
  Segment part 4.             Intra module refs:   ?PUSH_XSTACK_I_FOUR
                                                   ?PUSH_XSTACK_I_ONE
                                                   ?PUSH_XSTACK_I_TWO
           ENTRY                   ADDRESS         REF BY
           =====                   =======         ======
           ?PUSH_XSTACK_I          00008D24 

    -------------------------------------------------------------------------
  LIBRARY MODULE, NAME : ?PUSH_XSTACK8_X

  SEGMENTS IN THE MODULE
  ======================
<CODE_C,CSTART,NEAR_CODE,RCODE> 1 (was RCODE)
  Relative segment, address: CODE 00008B7F - 00008B82 (0x4 bytes), align: 0
  Segment part 1.
           ENTRY                   ADDRESS         REF BY
           =====                   =======         ======
           ?PUSH_XSTACK8_X_FOUR    00008B7F        Hal_ProcessEvent (hal_drivers)
                                                   halProcessKeyInterrupt (hal_key)
                                                   macBeaconStartContinue (mac_beacon)
                                                   macBeaconTxCallback (mac_beacon)
                                                   macIndirectExpire (mac_beacon)
                                                   macIndirectTxFrame (mac_beacon)
                                                   macRxBeaconCritical (mac_beacon)
                                                   macTxBeaconCompleteCallback (mac_beacon)
    -------------------------------------------------------------------------
<CODE_C,CSTART,NEAR_CODE,RCODE> 1 (was RCODE)
  Relative segment, address: CODE 00008B83 - 00008B86 (0x4 bytes), align: 0
  Segment part 3.
           ENTRY                   ADDRESS         REF BY
           =====                   =======         ======
           ?PUSH_XSTACK8_X_TWO     00008B83        macApiBeaconStartReq (mac_beacon)
                                                   macApiOrphanRsp (mac_beacon)
                                                   macApiPollReq (mac_beacon)
                                                   macApiStartReq (mac_beacon)
                                                   macAssocDataReq (mac_beacon)
                                                   macAutoPoll (mac_beacon)
                                                   macBackoffTimerRolloverCallback (mac_beacon)
                                                   macBuildAssociateRsp (mac_beacon)
                                                   macBuildDataFrame (mac_beacon)
                                                   macIndirectSend (mac_beacon)
                                                   macRxBeacon (mac_beacon)
                                                   macRxDataReq (mac_beacon)
                                                   macTimerRealign (mac_beacon)
    -------------------------------------------------------------------------
<CODE_C,CSTART,NEAR_CODE,RCODE> 1 (was RCODE)
  Relative segment, address: CODE 00008B87 - 00008BAF (0x29 bytes), align: 0
  Segment part 5.             Intra module refs:   ?PUSH_XSTACK8_X_FOUR
                                                   ?PUSH_XSTACK8_X_TWO
           ENTRY                   ADDRESS         REF BY
           =====                   =======         ======
           ?PUSH_XSTACK8_X         00008B87 

    -------------------------------------------------------------------------
  LIBRARY MODULE, NAME : ?memset

  SEGMENTS IN THE MODULE
  ======================
<CODE_C,CSTART,NEAR_CODE,RCODE> 1 (was NEAR_CODE)
  Relative segment, address: CODE 00008BE0 - 00008C0C (0x2d bytes), align: 0
  Segment part 6.
           ENTRY                   ADDRESS         REF BY
           =====                   =======         ======
           memset                  00008BE0        osal_memset (OSAL)
               XSTACK = 00000002 ( 00000008 )
               ISTACK = 00000000 ( 00000001 )




                ****************************************
                *                                      *
                *      SEGMENTS IN ADDRESS ORDER       *
                *                                      *
                ****************************************


SEGMENT              SPACE    START ADDRESS   END ADDRESS     SIZE  TYPE  ALIGN
=======              =====    =============   ===========     ====  ====  =====
INTVEC               CODE          00000000 - 00000085          86   com    0
BIT_ID               CODE               00000086                     dse    0
BDATA_ID             CODE               00000086                     dse    0
DATA_ID              CODE          00000086 - 00000086           1   rel    0
IDATA_ID             CODE               00000087                     dse    0
IXDATA_ID            CODE               00000087                     dse    0
PDATA_ID             CODE               00000087                     dse    0
XDATA_ID             CODE          00000087 - 000000CE          48   rel    0
SLEEP_CODE           CODE          000000D0 - 000000D5           6   rel    2
<CSTART,NEAR_CODE,RCODE> 1
                     CODE          000000D6 - 00008A34        895F   rel    0
<CODE_C,CSTART,NEAR_CODE,RCODE> 1
                     CODE          00008A38 - 00009315         8DE   rel    2
XDATA_ROM_C          CODE          00009316 - 000093A6          91   rel    0
REGISTERS            DATA          00000000 - 00000007           8   rel    0
VREG                 DATA          00000008 - 00000017          10   rel    0
PSP                  DATA               00000018                     dse    0
XSP                  DATA          00000018 - 00000019           2   rel    0
DATA_I               DATA          0000001A - 0000001A           1   rel    0
BREG                 BIT        00000020.0  -  00000020.7        8   rel    0
DATA_Z               DATA          00000021 - 00000026           6   rel    0
SFR_AN               DATA          00000080 - 00000080           1   rel    0
                     DATA          00000087 - 00000087           1 
                     DATA          00000089 - 00000089           1 
                     DATA          0000008B - 0000008C           2 
                     DATA          0000008F - 00000091           3 
                     DATA          00000094 - 00000097           4 
                     DATA          0000009A - 0000009E           5 
                     DATA          000000A0 - 000000A9           A 
                     DATA          000000AB - 000000AD           3 
                     DATA          000000B4 - 000000B4           1 
                     DATA          000000B6 - 000000B6           1 
                     DATA          000000B8 - 000000C0           9 
                     DATA          000000C3 - 000000C3           1 
                     DATA          000000C6 - 000000C7           2 
                     DATA          000000D8 - 000000D9           2 
                     DATA          000000E1 - 000000E1           1 
                     DATA          000000E8 - 000000E9           2 
                     DATA          000000EB - 000000EC           2 
                     DATA          000000EE - 000000EE           1 
                     DATA          000000F1 - 000000F5           5 
                     DATA          000000F8 - 000000FF           8 
XSTACK               XDATA         00000001 - 00000180         180   rel    0
XDATA_N              XDATA         00000181 - 00000982         802   rel    0
XDATA_Z              XDATA         00000983 - 00000C0B         289   rel    0
XDATA_I              XDATA         00000C0C - 00000C53          48   rel    0
PDATA_Z              XDATA              00001E00                     rel    0
ISTACK               IDATA         00000040 - 000000FF          C0   rel    0

                ****************************************
                *                                      *
                *        END OF CROSS REFERENCE        *
                *                                      *
                ****************************************

 37 795 bytes of CODE  memory
     33 bytes of DATA  memory (+ 65 absolute )
  3 155 bytes of XDATA memory
    192 bytes of IDATA memory
      8 bits  of BIT   memory

Errors: none
Warnings: none

