################################################################################
#                                                                              #
#      IAR Universal Linker V5.0.2.5/W32                                       #
#                                                                              #
#           Link time     =  10/Dec/2012  18:05:05                             #
#           Target CPU    =  x51                                               #
#           List file     =  "D:\CDIO\CDIO\code\ports\cc2530\TIMAC\Projects\ma #
#                            c\sample\cc2530\IAR Project\Normal\List\msa_cc253 #
#                            0.map"                                            #
#           Output file 1 =  "D:\CDIO\CDIO\code\ports\cc2530\TIMAC\Projects\ma #
#                            c\sample\cc2530\IAR Project\Normal\Exe\msa_cc2530 #
#                            .d51"                                             #
#                            Format: debug                                     #
#                            UBROF version 10.0.3                              #
#                            Using library modules for C-SPY (-rt)             #
#           Command line  =  -D_NR_OF_BANKS=0 -D_CODEBANK_END=0                #
#                            -D_CODEBANK_START=0                               #
#                            "-IC:\Program Files\IAR Systems\Embedded Workbenc #
#                            h 6.0\8051\CONFIG\"                               #
#                            D:\CDIO\CDIO\code\ports\cc2530\TIMAC\Projects\mac #
#                            \Libraries\cc2530\IAR\bin\Lib\macLib_cc2530.lib   #
#                            "D:\CDIO\CDIO\code\ports\cc2530\TIMAC\Projects\ma #
#                            c\sample\cc2530\IAR Project\Normal\Obj\OSAL.r51"  #
#                            "D:\CDIO\CDIO\code\ports\cc2530\TIMAC\Projects\ma #
#                            c\sample\cc2530\IAR Project\Normal\Obj\OSAL_Clock #
#                            .r51"                                             #
#                            "D:\CDIO\CDIO\code\ports\cc2530\TIMAC\Projects\ma #
#                            c\sample\cc2530\IAR Project\Normal\Obj\OSAL_Math. #
#                            r51"                                              #
#                            "D:\CDIO\CDIO\code\ports\cc2530\TIMAC\Projects\ma #
#                            c\sample\cc2530\IAR Project\Normal\Obj\OSAL_Memor #
#                            y.r51"                                            #
#                            "D:\CDIO\CDIO\code\ports\cc2530\TIMAC\Projects\ma #
#                            c\sample\cc2530\IAR Project\Normal\Obj\OSAL_PwrMg #
#                            r.r51"                                            #
#                            "D:\CDIO\CDIO\code\ports\cc2530\TIMAC\Projects\ma #
#                            c\sample\cc2530\IAR Project\Normal\Obj\OSAL_Timer #
#                            s.r51"                                            #
#                            "D:\CDIO\CDIO\code\ports\cc2530\TIMAC\Projects\ma #
#                            c\sample\cc2530\IAR Project\Normal\Obj\hal_adc.r5 #
#                            1"                                                #
#                            "D:\CDIO\CDIO\code\ports\cc2530\TIMAC\Projects\ma #
#                            c\sample\cc2530\IAR Project\Normal\Obj\hal_assert #
#                            .r51"                                             #
#                            "D:\CDIO\CDIO\code\ports\cc2530\TIMAC\Projects\ma #
#                            c\sample\cc2530\IAR Project\Normal\Obj\hal_driver #
#                            s.r51"                                            #
#                            "D:\CDIO\CDIO\code\ports\cc2530\TIMAC\Projects\ma #
#                            c\sample\cc2530\IAR Project\Normal\Obj\hal_key.r5 #
#                            1"                                                #
#                            "D:\CDIO\CDIO\code\ports\cc2530\TIMAC\Projects\ma #
#                            c\sample\cc2530\IAR Project\Normal\Obj\hal_lcd.r5 #
#                            1"                                                #
#                            "D:\CDIO\CDIO\code\ports\cc2530\TIMAC\Projects\ma #
#                            c\sample\cc2530\IAR Project\Normal\Obj\hal_led.r5 #
#                            1"                                                #
#                            "D:\CDIO\CDIO\code\ports\cc2530\TIMAC\Projects\ma #
#                            c\sample\cc2530\IAR Project\Normal\Obj\hal_sleep. #
#                            r51"                                              #
#                            "D:\CDIO\CDIO\code\ports\cc2530\TIMAC\Projects\ma #
#                            c\sample\cc2530\IAR Project\Normal\Obj\hal_startu #
#                            p.r51"                                            #
#                            "D:\CDIO\CDIO\code\ports\cc2530\TIMAC\Projects\ma #
#                            c\sample\cc2530\IAR Project\Normal\Obj\hal_timer. #
#                            r51"                                              #
#                            "D:\CDIO\CDIO\code\ports\cc2530\TIMAC\Projects\ma #
#                            c\sample\cc2530\IAR Project\Normal\Obj\hal_uart.r #
#                            51"                                               #
#                            "D:\CDIO\CDIO\code\ports\cc2530\TIMAC\Projects\ma #
#                            c\sample\cc2530\IAR Project\Normal\Obj\in6_addr.r #
#                            51"                                               #
#                            "D:\CDIO\CDIO\code\ports\cc2530\TIMAC\Projects\ma #
#                            c\sample\cc2530\IAR Project\Normal\Obj\mac_autope #
#                            nd.r51"                                           #
#                            "D:\CDIO\CDIO\code\ports\cc2530\TIMAC\Projects\ma #
#                            c\sample\cc2530\IAR Project\Normal\Obj\mac_backof #
#                            f_timer.r51"                                      #
#                            "D:\CDIO\CDIO\code\ports\cc2530\TIMAC\Projects\ma #
#                            c\sample\cc2530\IAR Project\Normal\Obj\mac_callba #
#                            cks.r51"                                          #
#                            "D:\CDIO\CDIO\code\ports\cc2530\TIMAC\Projects\ma #
#                            c\sample\cc2530\IAR Project\Normal\Obj\mac_cfg.r5 #
#                            1"                                                #
#                            "D:\CDIO\CDIO\code\ports\cc2530\TIMAC\Projects\ma #
#                            c\sample\cc2530\IAR Project\Normal\Obj\mac_csp_tx #
#                            .r51"                                             #
#                            "D:\CDIO\CDIO\code\ports\cc2530\TIMAC\Projects\ma #
#                            c\sample\cc2530\IAR Project\Normal\Obj\mac_low_le #
#                            vel.r51"                                          #
#                            "D:\CDIO\CDIO\code\ports\cc2530\TIMAC\Projects\ma #
#                            c\sample\cc2530\IAR Project\Normal\Obj\mac_mcu.r5 #
#                            1"                                                #
#                            "D:\CDIO\CDIO\code\ports\cc2530\TIMAC\Projects\ma #
#                            c\sample\cc2530\IAR Project\Normal\Obj\mac_mem.r5 #
#                            1"                                                #
#                            "D:\CDIO\CDIO\code\ports\cc2530\TIMAC\Projects\ma #
#                            c\sample\cc2530\IAR Project\Normal\Obj\mac_pib.r5 #
#                            1"                                                #
#                            "D:\CDIO\CDIO\code\ports\cc2530\TIMAC\Projects\ma #
#                            c\sample\cc2530\IAR Project\Normal\Obj\mac_radio. #
#                            r51"                                              #
#                            "D:\CDIO\CDIO\code\ports\cc2530\TIMAC\Projects\ma #
#                            c\sample\cc2530\IAR Project\Normal\Obj\mac_radio_ #
#                            defs.r51"                                         #
#                            "D:\CDIO\CDIO\code\ports\cc2530\TIMAC\Projects\ma #
#                            c\sample\cc2530\IAR Project\Normal\Obj\mac_rffron #
#                            tend.r51"                                         #
#                            "D:\CDIO\CDIO\code\ports\cc2530\TIMAC\Projects\ma #
#                            c\sample\cc2530\IAR Project\Normal\Obj\mac_rx.r51 #
#                            "                                                 #
#                            "D:\CDIO\CDIO\code\ports\cc2530\TIMAC\Projects\ma #
#                            c\sample\cc2530\IAR Project\Normal\Obj\mac_rx_ono #
#                            ff.r51"                                           #
#                            "D:\CDIO\CDIO\code\ports\cc2530\TIMAC\Projects\ma #
#                            c\sample\cc2530\IAR Project\Normal\Obj\mac_sleep. #
#                            r51"                                              #
#                            "D:\CDIO\CDIO\code\ports\cc2530\TIMAC\Projects\ma #
#                            c\sample\cc2530\IAR Project\Normal\Obj\mac_tx.r51 #
#                            "                                                 #
#                            "D:\CDIO\CDIO\code\ports\cc2530\TIMAC\Projects\ma #
#                            c\sample\cc2530\IAR Project\Normal\Obj\main.r51"  #
#                            "D:\CDIO\CDIO\code\ports\cc2530\TIMAC\Projects\ma #
#                            c\sample\cc2530\IAR Project\Normal\Obj\osal_setup #
#                            .r51"                                             #
#                            "D:\CDIO\CDIO\code\ports\cc2530\TIMAC\Projects\ma #
#                            c\sample\cc2530\IAR Project\Normal\Obj\pancake.r5 #
#                            1"                                                #
#                            "D:\CDIO\CDIO\code\ports\cc2530\TIMAC\Projects\ma #
#                            c\sample\cc2530\IAR Project\Normal\Obj\port.r51"  #
#                            "D:\CDIO\CDIO\code\ports\cc2530\TIMAC\Projects\ma #
#                            c\sample\cc2530\IAR Project\Normal\Obj\port_callb #
#                            acks.r51"                                         #
#                            "D:\CDIO\CDIO\code\ports\cc2530\TIMAC\Projects\ma #
#                            c\sample\cc2530\IAR Project\Normal\Obj\port_inter #
#                            nal.r51"                                          #
#                            "D:\CDIO\CDIO\code\ports\cc2530\TIMAC\Projects\ma #
#                            c\sample\cc2530\IAR Project\Normal\Obj\saddr.r51" #
#                            -o                                                #
#                            "D:\CDIO\CDIO\code\ports\cc2530\TIMAC\Projects\ma #
#                            c\sample\cc2530\IAR Project\Normal\Exe\msa_cc2530 #
#                            .d51"                                             #
#                            -l                                                #
#                            "D:\CDIO\CDIO\code\ports\cc2530\TIMAC\Projects\ma #
#                            c\sample\cc2530\IAR Project\Normal\List\msa_cc253 #
#                            0.map"                                            #
#                            -xms                                              #
#                            "-IC:\Program Files\IAR Systems\Embedded Workbenc #
#                            h 6.0\8051\LIB\"                                  #
#                            "-ID:\CDIO\CDIO\code\ports\cc2530\TIMAC\Projects\ #
#                            mac\sample\cc2530\IAR Project\"                   #
#                            -f                                                #
#                            "D:\CDIO\CDIO\code\ports\cc2530\TIMAC\Projects\ma #
#                            c\sample\cc2530\IAR Project\..\..\..\common\CC253 #
#                            0\ti_51ew_cc2530.xcl"                             #
#                            (-D_IDATA_END=0xFF -D_PDATA_START=0x1E00          #
#                            -D_PDATA_END=0x1EFF -D_IXDATA_START=0x0001        #
#                            -D_IXDATA_END=0x1EFF                              #
#                            -D_XDATA_START=_IXDATA_START                      #
#                            -D_XDATA_END=_IXDATA_END -D_CODE_START=0x0000     #
#                            -D_CODE_END=0xFFFF -D_NEAR_CODE_END=_CODE_END     #
#                            -D?REGISTER_BANK=0 -D_REGISTER_BANK_START=0       #
#                            -D?PBANK_NUMBER=0x1E -D_BREG_START=0x00           #
#                            -D?VB=0x20 -Z(BIT)BREG=_BREG_START                #
#                            -Z(BIT)BIT_N=0-7F                                 #
#                            -Z(DATA)REGISTERS+8=_REGISTER_BANK_START          #
#                            -Z(DATA)BDATA_Z,BDATA_N,BDATA_I=20-2F             #
#                            -Z(DATA)VREG+_NR_OF_VIRTUAL_REGISTERS=08-7F       #
#                            -Z(DATA)PSP,XSP=08-7F -Z(DATA)DOVERLAY=08-7F      #
#                            -Z(DATA)DATA_I,DATA_Z,DATA_N=08-7F                #
#                            -U(IDATA)0-7F=(DATA)0-7F                          #
#                            -Z(IDATA)IDATA_I,IDATA_Z,IDATA_N=08-_IDATA_END    #
#                            -Z(IDATA)ISTACK+_IDATA_STACK_SIZE#08-_IDATA_END   #
#                            -Z(IDATA)IOVERLAY=08-FF                           #
#                            -Z(CODE)INTVEC=_CODE_START                        #
#                            -Z(CODE)BIT_ID,BDATA_ID,DATA_ID,IDATA_ID,IXDATA_I #
#                            D,PDATA_ID,XDATA_ID=_CODE_START-_CODE_END         #
#                            -Z(CODE)SLEEP_CODE|2=_CODE_START-_CODE_END        #
#                            -P(CODE)CSTART,BANK_RELAYS,RCODE,DIFUNCT,NEAR_COD #
#                            E=_CODE_START-_CODE_END                           #
#                            -P(CODE)CODE_C=_CODE_START-_CODE_END              #
#                            -Z(XDATA)PSTACK+_PDATA_STACK_SIZE=_PDATA_START-_P #
#                            DATA_END                                          #
#                            -Z(XDATA)XSTACK+_XDATA_STACK_SIZE=_XDATA_START-_X #
#                            DATA_END                                          #
#                            -Z(XDATA)PDATA_Z,PDATA_I=_PDATA_START-_PDATA_END  #
#                            -P(XDATA)PDATA_N=_PDATA_START-_PDATA_END          #
#                            -Z(XDATA)IXDATA_N,IXDATA_Z,IXDATA_I=_IXDATA_START #
#                            -_IXDATA_END                                      #
#                            -Z(XDATA)XDATA_N,XDATA_Z,XDATA_I=_XDATA_START-_XD #
#                            ATA_END                                           #
#                            -Z(CODE)XDATA_ROM_C=_CODE_START-_CODE_END -cx51   #
#                            -D_FLASH_LOCK_BITS_START=0xFFF0                   #
#                            -D_FLASH_LOCK_BITS_END=0xFFFF                     #
#                            -Z(CODE)FLASH_LOCK_BITS=_FLASH_LOCK_BITS_START-_F #
#                            LASH_LOCK_BITS_END                                #
#                            -U(CODE)0x0000=(CODE)_FLASH_LOCK_BITS_START-_FLAS #
#                            H_LOCK_BITS_END)                                  #
#                            -D_NR_OF_VIRTUAL_REGISTERS=10 -D?PBANK=0x93       #
#                            -e_small_write=_formatted_write -rt -s            #
#                            __program_start                                   #
#                            "C:\Program Files\IAR Systems\Embedded Workbench  #
#                            6.0\8051\LIB\CLIB\cl-pli-nlxd-1e16x01.r51"        #
#                            -D_IDATA_STACK_SIZE=0xC0                          #
#                            -D_EXTENDED_STACK_START=0x00                      #
#                            -D_EXTENDED_STACK_SIZE=0x00                       #
#                            -D_PDATA_STACK_SIZE=0x80                          #
#                            -D_XDATA_STACK_SIZE=0x180                         #
#                            -D_XDATA_HEAP_SIZE=0x00 -D_FAR_HEAP_SIZE=0x000    #
#                            -D_HUGE_HEAP_SIZE=0x000                           #
#                            -D_FAR22_HEAP_SIZE=0xFFF                          #
#                                                                              #
#                           Copyright (C) 1987-2010 IAR Systems AB.            #
################################################################################





                ****************************************
                *                                      *
                *           CROSS REFERENCE            *
                *                                      *
                ****************************************

       Program entry at : CODE      0000CD1D  Relocatable, from module : CSTARTUP




                ****************************************
                *                                      *
                *            RUNTIME MODEL             *
                *                                      *
                ****************************************

  __SystemLibrary          = CLib
  __calling_convention     = xdata_reentrant
  __code_model             = near
  __core                   = plain
  __data_model             = large
  __dptr_size              = 16
  __extended_stack         = disabled
  __location_for_constants = data
  __number_of_dptrs        = 1
  __rt_version             = 1



                ****************************************
                *                                      *
                *              MODULE MAP              *
                *                                      *
                ****************************************


  DEFINED ABSOLUTE ENTRIES
    *************************************************************************

  DEFINED ABSOLUTE ENTRIES
  PROGRAM MODULE, NAME : ?ABS_ENTRY_MOD

Absolute parts
           ENTRY                   ADDRESS         REF BY
           =====                   =======         ======
           _FAR22_HEAP_SIZE        00000FFF 
           _HUGE_HEAP_SIZE         00000000 
           _FAR_HEAP_SIZE          00000000 
           _XDATA_HEAP_SIZE        00000000 
           _XDATA_STACK_SIZE       00000180 
           _PDATA_STACK_SIZE       00000080 
           _EXTENDED_STACK_SIZE    00000000 
           _EXTENDED_STACK_START   00000000 
           _IDATA_STACK_SIZE       000000C0 
           ?PBANK                  00000093 
           _NR_OF_VIRTUAL_REGISTERS
                                   00000010 
           _FLASH_LOCK_BITS_END    0000FFFF 
           _FLASH_LOCK_BITS_START
                                   0000FFF0 
           ?VB                     00000020        ?FUNC_ENTER_XDATA (?FUNC_ENTER_XDATA)
                                                   ?FUNC_LEAVE_XDATA (?FUNC_LEAVE_XDATA)
                                                   ?INTERRUPT_ENTER_XSP (?INTERRUPT_ENTER_XSP)
                                                   ?INTERRUPT_LEAVE_XSP (?INTERRUPT_LEAVE_XSP)
                                                   macRadioSetPanCoordinator (mac_radio)
           _BREG_START             00000000 
           ?PBANK_NUMBER           0000001E 
           _REGISTER_BANK_START    00000000 
           ?REGISTER_BANK          00000000        Segment part 6 (CSTARTUP)
           _NEAR_CODE_END          0000FFFF 
           _CODE_END               0000FFFF 
           _CODE_START             00000000 
           _XDATA_END              00001EFF 
           _XDATA_START            00000001 
           _IXDATA_END             00001EFF 
           _IXDATA_START           00000001 
           _PDATA_END              00001EFF 
           _PDATA_START            00001E00 
           _IDATA_END              000000FF 
           _CODEBANK_START         00000000 
           _CODEBANK_END           00000000 
           _NR_OF_BANKS            00000000 
    *************************************************************************

  FILE NAME : D:\CDIO\CDIO\code\ports\cc2530\TIMAC\Projects\mac\Libraries\cc2530\IAR\bin\Lib\macLib_cc2530.lib
  LIBRARY MODULE, NAME : mac_beacon

  SEGMENTS IN THE MODULE
  ======================
XDATA_I
  Relative segment, address: XDATA 00001869 - 00001888 (0x20 bytes), align: 0
  Segment part 7.             Intra module refs:   Segment part 137
                                                   Segment part 202
           ENTRY                   ADDRESS         REF BY
           =====                   =======         ======
           macBeaconMargin         00001869 
    -------------------------------------------------------------------------
XDATA_Z
  Relative segment, address: XDATA 00000983 - 0000099A (0x18 bytes), align: 0
  Segment part 9.             Intra module refs:   Segment part 147
                                                   macApiBeaconStartReq
                                                   macApiSyncReq
                                                   macAutoPoll
                                                   macBeaconCheckSched
                                                   macBeaconCheckTxTime
                                                   macBeaconPeriodCallback
                                                   macBeaconSetSched
                                                   macBeaconSetupCap
                                                   macBeaconStartFrameResponseTimer
                                                   macBeaconSyncLoss
                                                   macRxBeaconCritical
                                                   macSyncTimeoutCallback
                                                   macTrackPeriodCallback
                                                   macTrackStartCallback
                                                   macTrackTimeoutCallback
                                                   macTxBeaconCompleteCallback
           ENTRY                   ADDRESS         REF BY
           =====                   =======         ======
           macBeacon               00000983 
    -------------------------------------------------------------------------
<CSTART,NEAR_CODE,RCODE> 1 (was NEAR_CODE)
  Relative segment, address: CODE 00000172 - 0000019F (0x2e bytes), align: 0
  Segment part 85.            Intra module refs:   Segment part 149
           ENTRY                   ADDRESS         REF BY
           =====                   =======         ======
           macBeaconInit           00000172 
               ISTACK = 00000000 ( 00000002 )
    -------------------------------------------------------------------------
<CSTART,NEAR_CODE,RCODE> 1 (was NEAR_CODE)
  Relative segment, address: CODE 000001A0 - 00000225 (0x86 bytes), align: 0
  Segment part 87.            Intra module refs:   macBeaconInit
           ENTRY                   ADDRESS         REF BY
           =====                   =======         ======
           macBeaconSetSched       000001A0 
               calls direct, is indirectly called
               XSTACK = 00000000 ( 0000000B )
               ISTACK = 00000000 ( 00000001 )
    -------------------------------------------------------------------------
<CSTART,NEAR_CODE,RCODE> 1 (was NEAR_CODE)
  Relative segment, address: CODE 00000226 - 0000022B (0x6 bytes), align: 0
  Segment part 88.            Intra module refs:   macBeaconSetSched
    -------------------------------------------------------------------------
<CSTART,NEAR_CODE,RCODE> 1 (was NEAR_CODE)
  Relative segment, address: CODE 0000022C - 0000022F (0x4 bytes), align: 0
  Segment part 89.            Intra module refs:   macBeaconSetSched
                                                   macDestSAddrCmp
    -------------------------------------------------------------------------
<CSTART,NEAR_CODE,RCODE> 1 (was NEAR_CODE)
  Relative segment, address: CODE 00000230 - 00000233 (0x4 bytes), align: 0
  Segment part 90.            Intra module refs:   Segment part 89
                                                   macDestAddrCmp
    -------------------------------------------------------------------------
<CSTART,NEAR_CODE,RCODE> 1 (was NEAR_CODE)
  Relative segment, address: CODE 00000234 - 00000238 (0x5 bytes), align: 0
  Segment part 91.            Intra module refs:   macBeaconSetSched
                                                   macRxBeaconCritical
    -------------------------------------------------------------------------
<CSTART,NEAR_CODE,RCODE> 1 (was NEAR_CODE)
  Relative segment, address: CODE 00000239 - 0000023F (0x7 bytes), align: 0
  Segment part 92.            Intra module refs:   Segment part 91
                                                   macAutoPoll
                                                   macScanRxCoordRealign
    -------------------------------------------------------------------------
<CSTART,NEAR_CODE,RCODE> 1 (was NEAR_CODE)
  Relative segment, address: CODE 00000240 - 00000261 (0x22 bytes), align: 0
  Segment part 93.            Intra module refs:   macBeaconInit
           ENTRY                   ADDRESS         REF BY
           =====                   =======         ======
           macBeaconCheckSched     00000240 
               calls direct, is indirectly called
               ISTACK = 00000000 ( 00000002 )
    -------------------------------------------------------------------------
<CSTART,NEAR_CODE,RCODE> 1 (was NEAR_CODE)
  Relative segment, address: CODE 00000262 - 00000289 (0x28 bytes), align: 0
  Segment part 94.            Intra module refs:   macBeaconInit
           ENTRY                   ADDRESS         REF BY
           =====                   =======         ======
           macBeaconRequeue        00000262 
               calls direct, is indirectly called
               ISTACK = 00000000 ( 00000002 )
    -------------------------------------------------------------------------
<CSTART,NEAR_CODE,RCODE> 1 (was NEAR_CODE)
  Relative segment, address: CODE 0000028A - 0000031E (0x95 bytes), align: 0
  Segment part 95.            Intra module refs:   macBeaconInit
           ENTRY                   ADDRESS         REF BY
           =====                   =======         ======
           macBeaconCheckTxTime    0000028A 
               calls direct, is indirectly called
               XSTACK = 00000000 ( 0000000F )
    -------------------------------------------------------------------------
<CSTART,NEAR_CODE,RCODE> 1 (was NEAR_CODE)
  Relative segment, address: CODE 0000031F - 000003C5 (0xa7 bytes), align: 0
  Segment part 96.            Intra module refs:   macRxBeaconCritical
                                                   macTxBeaconCompleteCallback
           ENTRY                   ADDRESS         REF BY
           =====                   =======         ======
           macBeaconSetupCap       0000031F 
               calls direct
               XSTACK = 0000000F ( 0000000F )
    -------------------------------------------------------------------------
<CSTART,NEAR_CODE,RCODE> 1 (was NEAR_CODE)
  Relative segment, address: CODE 000003C6 - 000003D2 (0xd bytes), align: 0
  Segment part 97.            Intra module refs:   macBeaconSetupCap
    -------------------------------------------------------------------------
<CODE_C,CSTART,NEAR_CODE,RCODE> 1 (was CODE_C)
  Relative segment, address: CODE 0000D193 - 0000D196 (0x4 bytes), align: 0
  Segment part 10.            Intra module refs:   MAC_InitBeaconCoord
    -------------------------------------------------------------------------
XDATA_Z
  Relative segment, address: XDATA 0000099B - 000009BB (0x21 bytes), align: 0
  Segment part 11.            Intra module refs:   Segment part 109
                                                   Segment part 134
                                                   macBeaconPrepareCallback
                                                   macBeaconSetPrepareTime
                                                   macBeaconStartContinue
                                                   macBeaconTxCallback
                                                   macTxBeaconCompleteCallback
           ENTRY                   ADDRESS         REF BY
           =====                   =======         ======
           macBeaconCoord          0000099B 
    -------------------------------------------------------------------------
<CSTART,NEAR_CODE,RCODE> 1 (was NEAR_CODE)
  Relative segment, address: CODE 000003D3 - 000003F1 (0x1f bytes), align: 0
  Segment part 98.
           ENTRY                   ADDRESS         REF BY
           =====                   =======         ======
           MAC_InitBeaconCoord     000003D3        init_port_process_event (osal_setup)
               calls direct
               ISTACK = 00000000 ( 00000002 )
    -------------------------------------------------------------------------
<CSTART,NEAR_CODE,RCODE> 1 (was NEAR_CODE)
  Relative segment, address: CODE 000003F2 - 00000447 (0x56 bytes), align: 0
  Segment part 99.            Intra module refs:   macBeaconStartContinue
                                                   macStartBeaconPrepareCallback
           LOCAL                   ADDRESS         
           =====                   =======         
           macBeaconSetPrepareTime
                                   000003F2 
               XSTACK = 0000000B ( 0000000F )
    -------------------------------------------------------------------------
<CSTART,NEAR_CODE,RCODE> 1 (was NEAR_CODE)
  Relative segment, address: CODE 00000448 - 00000579 (0x132 bytes), align: 0
  Segment part 100.           Intra module refs:   Segment part 10
           ENTRY                   ADDRESS         REF BY
           =====                   =======         ======
           macApiBeaconStartReq    00000448 
               calls direct, is indirectly called
               XSTACK = 00000000 ( 00000021 )
               ISTACK = 00000000 ( 00000001 )
    -------------------------------------------------------------------------
<CSTART,NEAR_CODE,RCODE> 1 (was NEAR_CODE)
  Relative segment, address: CODE 0000057A - 0000059D (0x24 bytes), align: 0
  Segment part 101.           Intra module refs:   macTxBeaconCompleteCallback
           LOCAL                   ADDRESS         
           =====                   =======         
           macBeaconPeriodCallback
                                   0000057A 
               calls direct, is indirectly called
               ISTACK = 00000000 ( 00000002 )
    -------------------------------------------------------------------------
<CSTART,NEAR_CODE,RCODE> 1 (was NEAR_CODE)
  Relative segment, address: CODE 0000059E - 000005F1 (0x54 bytes), align: 0
  Segment part 102.           Intra module refs:   macBeaconPrepareCallback
           LOCAL                   ADDRESS         
           =====                   =======         
           macBeaconTxCallback     0000059E 
               calls direct, is indirectly called
               XSTACK = 00000000 ( 00000004 )
               ISTACK = 00000000 ( 00000002 )
    -------------------------------------------------------------------------
<CSTART,NEAR_CODE,RCODE> 1 (was NEAR_CODE)
  Relative segment, address: CODE 000005F2 - 0000065B (0x6a bytes), align: 0
  Segment part 103.           Intra module refs:   Segment part 109
                                                   macStartBeaconPrepareCallback
           ENTRY                   ADDRESS         REF BY
           =====                   =======         ======
           macBeaconPrepareCallback
                                   000005F2 
               calls direct, is indirectly called
               XSTACK = 00000008 ( 0000000F )
    -------------------------------------------------------------------------
<CSTART,NEAR_CODE,RCODE> 1 (was NEAR_CODE)
  Relative segment, address: CODE 0000065C - 00000683 (0x28 bytes), align: 0
  Segment part 104.           Intra module refs:   macBeaconStartContinue
           LOCAL                   ADDRESS         
           =====                   =======         
           macStartBeaconPrepareCallback
                                   0000065C 
               calls direct, is indirectly called
               XSTACK = 00000000 ( 00000008 )
    -------------------------------------------------------------------------
<CSTART,NEAR_CODE,RCODE> 1 (was NEAR_CODE)
  Relative segment, address: CODE 00000684 - 00000686 (0x3 bytes), align: 0
  Segment part 105.           Intra module refs:   macStartBeaconPrepareCallback
                                                   macStartContinue
    -------------------------------------------------------------------------
<CSTART,NEAR_CODE,RCODE> 1 (was NEAR_CODE)
  Relative segment, address: CODE 00000687 - 0000068F (0x9 bytes), align: 0
  Segment part 106.           Intra module refs:   Segment part 105
                                                   macBeaconStartContinue
    -------------------------------------------------------------------------
<CSTART,NEAR_CODE,RCODE> 1 (was NEAR_CODE)
  Relative segment, address: CODE 00000690 - 00000717 (0x88 bytes), align: 0
  Segment part 107.           Intra module refs:   Segment part 10
                                                   macApiBeaconStartReq
           ENTRY                   ADDRESS         REF BY
           =====                   =======         ======
           macBeaconStartContinue
                                   00000690 
               calls direct, is indirectly called
               XSTACK = 0000001D ( 0000000F )
    -------------------------------------------------------------------------
<CSTART,NEAR_CODE,RCODE> 1 (was NEAR_CODE)
  Relative segment, address: CODE 00000718 - 00000720 (0x9 bytes), align: 0
  Segment part 108.           Intra module refs:   macBeaconStartContinue
    -------------------------------------------------------------------------
<CSTART,NEAR_CODE,RCODE> 1 (was NEAR_CODE)
  Relative segment, address: CODE 00000721 - 0000072E (0xe bytes), align: 0
  Segment part 109.           Intra module refs:   macBeaconStartContinue
                                                   macBeaconTxCallback
    -------------------------------------------------------------------------
<CSTART,NEAR_CODE,RCODE> 1 (was NEAR_CODE)
  Relative segment, address: CODE 0000072F - 00000733 (0x5 bytes), align: 0
  Segment part 110.           Intra module refs:   macTxBeaconCompleteCallback
           LOCAL                   ADDRESS         
           =====                   =======         
           macBeaconBattLifeCallback
                                   0000072F 
               calls direct, is indirectly called
    -------------------------------------------------------------------------
<CSTART,NEAR_CODE,RCODE> 1 (was NEAR_CODE)
  Relative segment, address: CODE 00000734 - 000007F9 (0xc6 bytes), align: 0
  Segment part 111.           Intra module refs:   MAC_InitBeaconCoord
           ENTRY                   ADDRESS         REF BY
           =====                   =======         ======
           macTxBeaconCompleteCallback
                                   00000734 
               calls direct, is indirectly called
               XSTACK = 00000000 ( 0000000F )
               ISTACK = 00000000 ( 00000002 )
    -------------------------------------------------------------------------
<CSTART,NEAR_CODE,RCODE> 1 (was NEAR_CODE)
  Relative segment, address: CODE 000007FA - 000007FD (0x4 bytes), align: 0
  Segment part 112.           Intra module refs:   MAC_McpsDataReq
                                                   macBeaconSetPrepareTime
                                                   macTxBeaconCompleteCallback
    -------------------------------------------------------------------------
<CSTART,NEAR_CODE,RCODE> 1 (was NEAR_CODE)
  Relative segment, address: CODE 000007FE - 00000808 (0xb bytes), align: 0
  Segment part 113.           Intra module refs:   Segment part 112
                                                   Segment part 565
    -------------------------------------------------------------------------
<CSTART,NEAR_CODE,RCODE> 1 (was NEAR_CODE)
  Relative segment, address: CODE 00000809 - 00000859 (0x51 bytes), align: 0
  Segment part 114.           Intra module refs:   macTxBeaconCompleteCallback
           ENTRY                   ADDRESS         REF BY
           =====                   =======         ======
           macBeaconSetupBroadcast
                                   00000809 
               calls direct
               XSTACK = 0000000B ( 0000000C )
    -------------------------------------------------------------------------
<CSTART,NEAR_CODE,RCODE> 1 (was NEAR_CODE)
  Relative segment, address: CODE 0000085A - 0000085E (0x5 bytes), align: 0
  Segment part 115.           Intra module refs:   macBeaconSetupBroadcast
                                                   macScanRxBeacon
    -------------------------------------------------------------------------
<CSTART,NEAR_CODE,RCODE> 1 (was NEAR_CODE)
  Relative segment, address: CODE 0000085F - 00000880 (0x22 bytes), align: 0
  Segment part 116.           Intra module refs:   macTxBeaconCompleteCallback
           ENTRY                   ADDRESS         REF BY
           =====                   =======         ======
           macOutgoingNonSlottedTx
                                   0000085F 
               XSTACK = 0000000B ( 00000000 )
               ISTACK = 00000000 ( 00000002 )
    -------------------------------------------------------------------------
<CSTART,NEAR_CODE,RCODE> 1 (was NEAR_CODE)
  Relative segment, address: CODE 00000881 - 00000888 (0x8 bytes), align: 0
  Segment part 117.           Intra module refs:   macBeaconClearIndirect
                                                   macBeaconSchedRequested
                                                   macOutgoingNonSlottedTx
    -------------------------------------------------------------------------
<CSTART,NEAR_CODE,RCODE> 1 (was NEAR_CODE)
  Relative segment, address: CODE 00000889 - 000008B3 (0x2b bytes), align: 0
  Segment part 118.           Intra module refs:   macTxBeaconCompleteCallback
           ENTRY                   ADDRESS         REF BY
           =====                   =======         ======
           macBeaconSchedRequested
                                   00000889 
               XSTACK = 0000000B ( 00000000 )
               ISTACK = 00000000 ( 00000002 )
    -------------------------------------------------------------------------
<CSTART,NEAR_CODE,RCODE> 1 (was NEAR_CODE)
  Relative segment, address: CODE 000008B4 - 000008BE (0xb bytes), align: 0
  Segment part 119.           Intra module refs:   macBeaconSchedRequested
                                                   macOutgoingNonSlottedTx
    -------------------------------------------------------------------------
<CSTART,NEAR_CODE,RCODE> 1 (was NEAR_CODE)
  Relative segment, address: CODE 000008BF - 000008E2 (0x24 bytes), align: 0
  Segment part 120.           Intra module refs:   macBeaconPeriodCallback
           ENTRY                   ADDRESS         REF BY
           =====                   =======         ======
           macBeaconClearIndirect
                                   000008BF 
               ISTACK = 00000000 ( 00000002 )
    -------------------------------------------------------------------------
<CSTART,NEAR_CODE,RCODE> 1 (was NEAR_CODE)
  Relative segment, address: CODE 000008E3 - 000008ED (0xb bytes), align: 0
  Segment part 121.           Intra module refs:   macBeaconClearIndirect
                                                   macBeaconSchedRequested
                                                   macBeaconSyncLoss
                                                   macOutgoingNonSlottedTx
    -------------------------------------------------------------------------
<CODE_C,CSTART,NEAR_CODE,RCODE> 1 (was CODE_C)
  Relative segment, address: CODE 0000D18B - 0000D192 (0x8 bytes), align: 0
  Segment part 12.            Intra module refs:   MAC_InitBeaconDevice
    -------------------------------------------------------------------------
XDATA_Z
  Relative segment, address: XDATA 000009BC - 000009D7 (0x1c bytes), align: 0
  Segment part 13.            Intra module refs:   MAC_InitBeaconDevice
                                                   Segment part 144
                                                   Segment part 341
                                                   macApiSyncReq
                                                   macBeaconStopTrack
                                                   macRxBeaconCritical
                                                   macStartBroadcastPendTimer
                                                   macSyncTimeoutCallback
                                                   macTrackStartCallback
                                                   macTrackTimeoutCallback
           ENTRY                   ADDRESS         REF BY
           =====                   =======         ======
           macBeaconDevice         000009BC 
    -------------------------------------------------------------------------
<CSTART,NEAR_CODE,RCODE> 1 (was NEAR_CODE)
  Relative segment, address: CODE 000008EE - 000008F2 (0x5 bytes), align: 0
  Segment part 122.           Intra module refs:   MAC_InitBeaconDevice
           LOCAL                   ADDRESS         
           =====                   =======         
           macBroadcastPendCallback
                                   000008EE 
               calls direct, is indirectly called
    -------------------------------------------------------------------------
<CSTART,NEAR_CODE,RCODE> 1 (was NEAR_CODE)
  Relative segment, address: CODE 000008F3 - 0000090E (0x1c bytes), align: 0
  Segment part 123.           Intra module refs:   macRxBeaconCritical
                                                   macTrackStartCallback
                                                   macTrackTimeoutCallback
           LOCAL                   ADDRESS         
           =====                   =======         
           macBeaconStopTrack      000008F3 
               calls direct
               XSTACK = 0000000F ( 00000000 )
               ISTACK = 00000000 ( 00000002 )
    -------------------------------------------------------------------------
<CSTART,NEAR_CODE,RCODE> 1 (was NEAR_CODE)
  Relative segment, address: CODE 0000090F - 0000099F (0x91 bytes), align: 0
  Segment part 124.           Intra module refs:   macRxBeaconCritical
                                                   macSyncTimeoutCallback
                                                   macTrackTimeoutCallback
           LOCAL                   ADDRESS         
           =====                   =======         
           macBeaconSyncLoss       0000090F 
               calls direct
               XSTACK = 0000000F ( 00000011 )
               ISTACK = 00000000 ( 00000003 )
    -------------------------------------------------------------------------
<CSTART,NEAR_CODE,RCODE> 1 (was NEAR_CODE)
  Relative segment, address: CODE 000009A0 - 000009AC (0xd bytes), align: 0
  Segment part 125.           Intra module refs:   macBeaconSyncLoss
                                                   macOutgoingNonSlottedTx
    -------------------------------------------------------------------------
<CSTART,NEAR_CODE,RCODE> 1 (was NEAR_CODE)
  Relative segment, address: CODE 000009AD - 000009B4 (0x8 bytes), align: 0
  Segment part 126.           Intra module refs:   macBeaconClearIndirect
                                                   macBeaconSyncLoss
    -------------------------------------------------------------------------
<CSTART,NEAR_CODE,RCODE> 1 (was NEAR_CODE)
  Relative segment, address: CODE 000009B5 - 00000A0D (0x59 bytes), align: 0
  Segment part 127.           Intra module refs:   macApiSyncReq
           LOCAL                   ADDRESS         
           =====                   =======         
           macSyncTimeoutCallback
                                   000009B5 
               calls direct, is indirectly called
               XSTACK = 00000000 ( 0000000F )
    -------------------------------------------------------------------------
<CODE_C,CSTART,NEAR_CODE,RCODE> 1 (was CODE_C)
  Relative segment, address: CODE 0000D197 - 0000D19A (0x4 bytes), align: 0
  Segment part 14.            Intra module refs:   MAC_InitCoord
    -------------------------------------------------------------------------
<CODE_C,CSTART,NEAR_CODE,RCODE> 1 (was CODE_C)
  Relative segment, address: CODE 0000D0F9 - 0000D106 (0xe bytes), align: 0
  Segment part 15.            Intra module refs:   MAC_InitCoord
    -------------------------------------------------------------------------
<CODE_C,CSTART,NEAR_CODE,RCODE> 1 (was CODE_C)
  Relative segment, address: CODE 0000D183 - 0000D18A (0x8 bytes), align: 0
  Segment part 16.            Intra module refs:   MAC_InitCoord
    -------------------------------------------------------------------------
XDATA_Z
  Relative segment, address: XDATA 000009D8 - 000009F9 (0x22 bytes), align: 0
  Segment part 17.            Intra module refs:   Segment part 105
                                                   Segment part 108
                                                   macBeaconStartContinue
                                                   macBuildBeacon
                                                   macBuildRealign
                                                   macCoordReset
                                                   macIndirectExpire
                                                   macIndirectTxFrame
                                                   macRxBeaconReq
                                                   macRxEnhancedBeaconReq
                                                   macStartBegin
                                                   macStartComplete
                                                   macStartSetParams
           ENTRY                   ADDRESS         REF BY
           =====                   =======         ======
           macCoord                000009D8 
    -------------------------------------------------------------------------
<CSTART,NEAR_CODE,RCODE> 1 (was NEAR_CODE)
  Relative segment, address: CODE 00000A0E - 00000A0F (0x2 bytes), align: 0
  Segment part 128.           Intra module refs:   macApiStartReq
                                                   macBuildAssociateReq
                                                   macBuildAssociateRsp
                                                   macBuildDisassociateReq
                                                   macScanNextChan
    -------------------------------------------------------------------------
<CSTART,NEAR_CODE,RCODE> 1 (was NEAR_CODE)
  Relative segment, address: CODE 00000A10 - 00000A12 (0x3 bytes), align: 0
  Segment part 129.           Intra module refs:   Segment part 128
                                                   macRxAssocRsp
                                                   macStartFrameResponseTimer
    -------------------------------------------------------------------------
<CSTART,NEAR_CODE,RCODE> 1 (was NEAR_CODE)
  Relative segment, address: CODE 00000A13 - 00000A17 (0x5 bytes), align: 0
  Segment part 130.           Intra module refs:   MAC_McpsDataReq
                                                   Segment part 129
                                                   macApiScanReq
                                                   macApiSyncReq
                                                   macBeaconPrepareCallback
                                                   macBeaconStartContinue
                                                   macDataTxSend
                                                   macStartBegin
                                                   macStartBroadcastPendTimer
                                                   macSyncTimeoutCallback
                                                   macTimerSetRollover
                                                   macTimerSyncRollover
                                                   macTimerUpdateBackoffTimer
                                                   macTrackStartCallback
                                                   macTxBeaconCompleteCallback
    -------------------------------------------------------------------------
<CSTART,NEAR_CODE,RCODE> 1 (was NEAR_CODE)
  Relative segment, address: CODE 00000A18 - 00000ABC (0xa5 bytes), align: 0
  Segment part 131.           Intra module refs:   MAC_InitBeaconDevice
                                                   macTrackStartCallback
           LOCAL                   ADDRESS         
           =====                   =======         
           macTrackTimeoutCallback
                                   00000A18 
               calls direct, is indirectly called
               XSTACK = 00000000 ( 00000013 )
    -------------------------------------------------------------------------
<CSTART,NEAR_CODE,RCODE> 1 (was NEAR_CODE)
  Relative segment, address: CODE 00000ABD - 00000B24 (0x68 bytes), align: 0
  Segment part 132.           Intra module refs:   MAC_InitBeaconDevice
           LOCAL                   ADDRESS         
           =====                   =======         
           macTrackStartCallback   00000ABD 
               calls direct, is indirectly called
               XSTACK = 00000000 ( 0000000F )
    -------------------------------------------------------------------------
<CSTART,NEAR_CODE,RCODE> 1 (was NEAR_CODE)
  Relative segment, address: CODE 00000B25 - 00000B2E (0xa bytes), align: 0
  Segment part 133.           Intra module refs:   Segment part 97
                                                   macTrackStartCallback
    -------------------------------------------------------------------------
<CSTART,NEAR_CODE,RCODE> 1 (was NEAR_CODE)
  Relative segment, address: CODE 00000B2F - 00000B32 (0x4 bytes), align: 0
  Segment part 134.           Intra module refs:   macBeaconStartContinue
                                                   macBeaconTxCallback
    -------------------------------------------------------------------------
<CSTART,NEAR_CODE,RCODE> 1 (was NEAR_CODE)
  Relative segment, address: CODE 00000B33 - 00000B38 (0x6 bytes), align: 0
  Segment part 135.           Intra module refs:   Segment part 134
                                                   macBeaconPrepareCallback
                                                   macRxBeaconCritical
                                                   macTrackStartCallback
                                                   macTrackTimeoutCallback
                                                   macTxBeaconCompleteCallback
    -------------------------------------------------------------------------
<CSTART,NEAR_CODE,RCODE> 1 (was NEAR_CODE)
  Relative segment, address: CODE 00000B39 - 00000B3E (0x6 bytes), align: 0
  Segment part 136.           Intra module refs:   macBeaconCheckTxTime
                                                   macTrackStartCallback
    -------------------------------------------------------------------------
<CSTART,NEAR_CODE,RCODE> 1 (was NEAR_CODE)
  Relative segment, address: CODE 00000B3F - 00000B4F (0x11 bytes), align: 0
  Segment part 137.           Intra module refs:   Segment part 136
                                                   macApiBeaconStartReq
    -------------------------------------------------------------------------
<CSTART,NEAR_CODE,RCODE> 1 (was NEAR_CODE)
  Relative segment, address: CODE 00000B50 - 00000B51 (0x2 bytes), align: 0
  Segment part 138.           Intra module refs:   macStartSetParams
                                                   macTrackStartCallback
    -------------------------------------------------------------------------
<CSTART,NEAR_CODE,RCODE> 1 (was NEAR_CODE)
  Relative segment, address: CODE 00000B52 - 00000B59 (0x8 bytes), align: 0
  Segment part 139.           Intra module refs:   Segment part 138
                                                   macRxBeaconCritical
    -------------------------------------------------------------------------
<CSTART,NEAR_CODE,RCODE> 1 (was NEAR_CODE)
  Relative segment, address: CODE 00000B5A - 00000B9E (0x45 bytes), align: 0
  Segment part 140.           Intra module refs:   macAutoPoll
                                                   macRxBeaconCritical
           LOCAL                   ADDRESS         
           =====                   =======         
           macTrackPeriodCallback
                                   00000B5A 
               calls direct, is indirectly called
               XSTACK = 00000016 ( 00000003 )
               ISTACK = 00000000 ( 00000003 )
    -------------------------------------------------------------------------
<CSTART,NEAR_CODE,RCODE> 1 (was NEAR_CODE)
  Relative segment, address: CODE 00000B9F - 00000BA7 (0x9 bytes), align: 0
  Segment part 141.           Intra module refs:   macBeaconSetSched
                                                   macTrackPeriodCallback
    -------------------------------------------------------------------------
<CSTART,NEAR_CODE,RCODE> 1 (was NEAR_CODE)
  Relative segment, address: CODE 00000BA8 - 00000BB0 (0x9 bytes), align: 0
  Segment part 142.           Intra module refs:   macBeaconSetSched
                                                   macTrackPeriodCallback
    -------------------------------------------------------------------------
<CSTART,NEAR_CODE,RCODE> 1 (was NEAR_CODE)
  Relative segment, address: CODE 00000BB1 - 00000D18 (0x168 bytes), align: 0
  Segment part 143.           Intra module refs:   MAC_InitBeaconDevice
           LOCAL                   ADDRESS         
           =====                   =======         
           macRxBeaconCritical     00000BB1 
               calls direct, is indirectly called
               XSTACK = 00000000 ( 00000013 )
    -------------------------------------------------------------------------
<CSTART,NEAR_CODE,RCODE> 1 (was NEAR_CODE)
  Relative segment, address: CODE 00000D19 - 00000D25 (0xd bytes), align: 0
  Segment part 144.           Intra module refs:   macBeaconStopTrack
                                                   macRxBeaconCritical
    -------------------------------------------------------------------------
<CSTART,NEAR_CODE,RCODE> 1 (was NEAR_CODE)
  Relative segment, address: CODE 00000D26 - 00000D28 (0x3 bytes), align: 0
  Segment part 145.           Intra module refs:   macRxBeacon
                                                   macRxBeaconCritical
    -------------------------------------------------------------------------
<CSTART,NEAR_CODE,RCODE> 1 (was NEAR_CODE)
  Relative segment, address: CODE 00000D29 - 00000D32 (0xa bytes), align: 0
  Segment part 146.           Intra module refs:   Segment part 145
                                                   macApiDisassociateReq
    -------------------------------------------------------------------------
<CSTART,NEAR_CODE,RCODE> 1 (was NEAR_CODE)
  Relative segment, address: CODE 00000D33 - 00000D3B (0x9 bytes), align: 0
  Segment part 147.           Intra module refs:   macRxBeaconCritical
                                                   macTrackTimeoutCallback
    -------------------------------------------------------------------------
<CSTART,NEAR_CODE,RCODE> 1 (was NEAR_CODE)
  Relative segment, address: CODE 00000D3C - 00000D78 (0x3d bytes), align: 0
  Segment part 148.
           ENTRY                   ADDRESS         REF BY
           =====                   =======         ======
           MAC_InitBeaconDevice    00000D3C        init_port_process_event (osal_setup)
               calls direct
               ISTACK = 00000000 ( 00000002 )
    -------------------------------------------------------------------------
<CSTART,NEAR_CODE,RCODE> 1 (was NEAR_CODE)
  Relative segment, address: CODE 00000D79 - 00000D81 (0x9 bytes), align: 0
  Segment part 149.           Intra module refs:   MAC_InitBeaconCoord
                                                   MAC_InitBeaconDevice
    -------------------------------------------------------------------------
<CSTART,NEAR_CODE,RCODE> 1 (was NEAR_CODE)
  Relative segment, address: CODE 00000D82 - 00000EB3 (0x132 bytes), align: 0
  Segment part 150.           Intra module refs:   Segment part 12
           ENTRY                   ADDRESS         REF BY
           =====                   =======         ======
           macAutoPoll             00000D82 
               calls direct, is indirectly called
               XSTACK = 00000000 ( 0000001C )
               ISTACK = 00000000 ( 00000002 )
    -------------------------------------------------------------------------
<CSTART,NEAR_CODE,RCODE> 1 (was NEAR_CODE)
  Relative segment, address: CODE 00000EB4 - 00000EB5 (0x2 bytes), align: 0
  Segment part 151.           Intra module refs:   macApiPollReq
                                                   macAssocDataReq
                                                   macAutoPoll
    -------------------------------------------------------------------------
<CSTART,NEAR_CODE,RCODE> 1 (was NEAR_CODE)
  Relative segment, address: CODE 00000EB6 - 00000EBB (0x6 bytes), align: 0
  Segment part 152.           Intra module refs:   Segment part 151
                                                   macRxBeacon
                                                   macRxDataReq
                                                   macScanNextChan
    -------------------------------------------------------------------------
<CSTART,NEAR_CODE,RCODE> 1 (was NEAR_CODE)
  Relative segment, address: CODE 00000EBC - 00000FDC (0x121 bytes), align: 0
  Segment part 153.           Intra module refs:   Segment part 12
           ENTRY                   ADDRESS         REF BY
           =====                   =======         ======
           macApiSyncReq           00000EBC 
               calls direct, is indirectly called
               XSTACK = 00000000 ( 0000000F )
    -------------------------------------------------------------------------
<CSTART,NEAR_CODE,RCODE> 1 (was NEAR_CODE)
  Relative segment, address: CODE 00000FDD - 00000FDE (0x2 bytes), align: 0
  Segment part 154.           Intra module refs:   macApiSyncReq
                                                   macStartBegin
    -------------------------------------------------------------------------
<CSTART,NEAR_CODE,RCODE> 1 (was NEAR_CODE)
  Relative segment, address: CODE 00000FDF - 00000FE5 (0x7 bytes), align: 0
  Segment part 155.           Intra module refs:   Segment part 154
                                                   macApiAssociateReq
    -------------------------------------------------------------------------
<CSTART,NEAR_CODE,RCODE> 1 (was NEAR_CODE)
  Relative segment, address: CODE 00000FE6 - 00001054 (0x6f bytes), align: 0
  Segment part 156.           Intra module refs:   Segment part 12
           ENTRY                   ADDRESS         REF BY
           =====                   =======         ======
           macBeaconStartFrameResponseTimer
                                   00000FE6 
               calls direct, is indirectly called
               XSTACK = 00000000 ( 00000013 )
    -------------------------------------------------------------------------
<CSTART,NEAR_CODE,RCODE> 1 (was NEAR_CODE)
  Relative segment, address: CODE 00001055 - 00001093 (0x3f bytes), align: 0
  Segment part 157.           Intra module refs:   Segment part 12
           ENTRY                   ADDRESS         REF BY
           =====                   =======         ======
           macStartBroadcastPendTimer
                                   00001055 
               calls direct, is indirectly called
               XSTACK = 00000000 ( 0000000F )
    -------------------------------------------------------------------------
<CSTART,NEAR_CODE,RCODE> 1 (was NEAR_CODE)
  Relative segment, address: CODE 00001094 - 00001096 (0x3 bytes), align: 0
  Segment part 158.           Intra module refs:   macStartBroadcastPendTimer
                                                   macStartFrameResponseTimer
    -------------------------------------------------------------------------
<CSTART,NEAR_CODE,RCODE> 1 (was NEAR_CODE)
  Relative segment, address: CODE 00001097 - 000010A1 (0xb bytes), align: 0
  Segment part 159.           Intra module refs:   Segment part 158
                                                   macBeaconStartFrameResponseTimer
    -------------------------------------------------------------------------
<CSTART,NEAR_CODE,RCODE> 1 (was NEAR_CODE)
  Relative segment, address: CODE 000010A2 - 000010E7 (0x46 bytes), align: 0
  Segment part 160.           Intra module refs:   MAC_InitCoord
           ENTRY                   ADDRESS         REF BY
           =====                   =======         ======
           macCoordReset           000010A2 
               calls direct, is indirectly called
               ISTACK = 00000000 ( 00000002 )
    -------------------------------------------------------------------------
<CSTART,NEAR_CODE,RCODE> 1 (was NEAR_CODE)
  Relative segment, address: CODE 000010E8 - 0000119A (0xb3 bytes), align: 0
  Segment part 161.           Intra module refs:   macApiAssociateRsp
           ENTRY                   ADDRESS         REF BY
           =====                   =======         ======
           macBuildAssociateRsp    000010E8 
               calls direct
               XSTACK = 00000000 ( 00000016 )
               ISTACK = 00000000 ( 00000001 )
    -------------------------------------------------------------------------
<CODE_C,CSTART,NEAR_CODE,RCODE> 1 (was CODE_C)
  Relative segment, address: CODE 0000D139 - 0000D144 (0xc bytes), align: 0
  Segment part 18.            Intra module refs:   macAllocTxBuffer
    -------------------------------------------------------------------------
<CODE_C,CSTART,NEAR_CODE,RCODE> 1 (was CODE_C)
  Relative segment, address: CODE 0000D17A - 0000D182 (0x9 bytes), align: 0
  Segment part 19.            Intra module refs:   macRxCompleteCallback
    -------------------------------------------------------------------------
<CODE_C,CSTART,NEAR_CODE,RCODE> 1 (was CODE_C)
  Relative segment, address: CODE 0000D115 - 0000D120 (0xc bytes), align: 0
  Segment part 20.            Intra module refs:   macDataTxComplete
           ENTRY                   ADDRESS         REF BY
           =====                   =======         ======
           macTxFrameSuccess       0000D115 
    -------------------------------------------------------------------------
<CODE_C,CSTART,NEAR_CODE,RCODE> 1 (was CODE_C)
  Relative segment, address: CODE 0000D12D - 0000D138 (0xc bytes), align: 0
  Segment part 21.            Intra module refs:   macAllocTxBuffer
                                                   macDataTxComplete
           ENTRY                   ADDRESS         REF BY
           =====                   =======         ======
           macTxFrameFailed        0000D12D 
    -------------------------------------------------------------------------
XDATA_Z
  Relative segment, address: XDATA 000009FA - 00000A02 (0x9 bytes), align: 0
  Segment part 22.            Intra module refs:   MAC_McpsDataReq
                                                   Segment part 199
                                                   Segment part 272
                                                   macApiPurgeReq
                                                   macAutoPoll
                                                   macBeaconCheckTxTime
                                                   macBeaconClearIndirect
                                                   macBeaconRequeue
                                                   macBeaconSchedRequested
                                                   macBeaconSetupBroadcast
                                                   macBeaconSyncLoss
                                                   macBuildBeacon
                                                   macBuildPendAddr
                                                   macDataReset
                                                   macDataRxMemAlloc
                                                   macDataTxEnqueue
                                                   macDataTxSend
                                                   macEventLoop
                                                   macIndirectExpire
                                                   macIndirectMark
                                                   macIndirectRequeueFrame
                                                   macIndirectSend
                                                   macIndirectTxFrame
                                                   macOutgoingNonSlottedTx
                                                   macRxCheckMACPendingCallback
                                                   macRxCompleteCallback
                                                   macTrackPeriodCallback
           ENTRY                   ADDRESS         REF BY
           =====                   =======         ======
           macData                 000009FA 
    -------------------------------------------------------------------------
XDATA_Z
  Relative segment, address: XDATA 00000A03 - 00000A04 (0x2 bytes), align: 0
  Segment part 23.            Intra module refs:   Segment part 301
                                                   Segment part 304
                                                   Segment part 305
                                                   Segment part 306
                                                   Segment part 316
                                                   Segment part 322
                                                   Segment part 324
                                                   Segment part 531
                                                   macBeaconTxCallback
                                                   macDataTxSend
                                                   macTxBeaconCompleteCallback
                                                   macTxCompleteCallback
           ENTRY                   ADDRESS         REF BY
           =====                   =======         ======
           pMacDataTx              00000A03        macTxFrame (mac_tx)
                                                   macTxTimestampCallback (mac_tx)
                                                   rxStartIsr (mac_rx)
                                                   txGreenPowerPrep (mac_tx)
    -------------------------------------------------------------------------
XDATA_I
  Relative segment, address: XDATA 00001889 - 0000188A (0x2 bytes), align: 0
  Segment part 24.            Intra module refs:   MAC_InitCoord
                                                   macDataTxEnqueue
           ENTRY                   ADDRESS         REF BY
           =====                   =======         ======
           macDataTxIndirect       00001889 
    -------------------------------------------------------------------------
XDATA_I
  Relative segment, address: XDATA 0000188B - 0000188C (0x2 bytes), align: 0
  Segment part 26.            Intra module refs:   MAC_InitCoord
                                                   Segment part 305
           ENTRY                   ADDRESS         REF BY
           =====                   =======         ======
           macDataRequeueIndirect
                                   0000188B 
    -------------------------------------------------------------------------
XDATA_I
  Relative segment, address: XDATA 0000188D - 0000188E (0x2 bytes), align: 0
  Segment part 28.            Intra module refs:   MAC_InitBeaconDevice
                                                   macRxCompleteCallback
           ENTRY                   ADDRESS         REF BY
           =====                   =======         ======
           macDataRxBeaconCritical
                                   0000188D 
    -------------------------------------------------------------------------
XDATA_I
  Relative segment, address: XDATA 0000188F - 00001890 (0x2 bytes), align: 0
  Segment part 30.            Intra module refs:   MAC_InitBeaconCoord
                                                   macDataTxComplete
           ENTRY                   ADDRESS         REF BY
           =====                   =======         ======
           macDataTxBeaconComplete
                                   0000188F 
    -------------------------------------------------------------------------
XDATA_I
  Relative segment, address: XDATA 00001891 - 00001892 (0x2 bytes), align: 0
  Segment part 32.            Intra module refs:   macBeaconInit
                                                   macDataTxEnqueue
           ENTRY                   ADDRESS         REF BY
           =====                   =======         ======
           macDataSetSched         00001891 
    -------------------------------------------------------------------------
XDATA_I
  Relative segment, address: XDATA 00001893 - 00001894 (0x2 bytes), align: 0
  Segment part 34.            Intra module refs:   macBeaconInit
                                                   macDataTxSend
                                                   macIndirectTxFrame
           ENTRY                   ADDRESS         REF BY
           =====                   =======         ======
           macDataCheckSched       00001893 
    -------------------------------------------------------------------------
XDATA_Z
  Relative segment, address: XDATA 00000A05 - 00000A06 (0x2 bytes), align: 0
  Segment part 36.            Intra module refs:   macBeaconInit
                                                   macDataTxTimeAvailable
           ENTRY                   ADDRESS         REF BY
           =====                   =======         ======
           macDataCheckTxTime      00000A05 
    -------------------------------------------------------------------------
XDATA_I
  Relative segment, address: XDATA 00001895 - 00001896 (0x2 bytes), align: 0
  Segment part 37.            Intra module refs:   macBeaconInit
                                                   macTxCompleteCallback
           ENTRY                   ADDRESS         REF BY
           =====                   =======         ======
           macDataBeaconRequeue    00001895 
    -------------------------------------------------------------------------
XDATA_Z
  Relative segment, address: XDATA 00000A07 - 00000A0F (0x9 bytes), align: 0
  Segment part 39.            Intra module refs:   MAC_McpsDataReq
                                                   macDataReset
           ENTRY                   ADDRESS         REF BY
           =====                   =======         ======
           macDataTxDelay          00000A07 
    -------------------------------------------------------------------------
<CODE_C,CSTART,NEAR_CODE,RCODE> 1 (was CODE_C)
  Relative segment, address: CODE 0000D0B1 - 0000D0CC (0x1c bytes), align: 0
  Segment part 40.            Intra module refs:   MAC_InitDevice
    -------------------------------------------------------------------------
<CODE_C,CSTART,NEAR_CODE,RCODE> 1 (was CODE_C)
  Relative segment, address: CODE 0000D166 - 0000D16F (0xa bytes), align: 0
  Segment part 41.            Intra module refs:   MAC_InitDevice
    -------------------------------------------------------------------------
XDATA_Z
  Relative segment, address: XDATA 00000A10 - 00000A2D (0x1e bytes), align: 0
  Segment part 42.            Intra module refs:   Segment part 366
                                                   Segment part 369
                                                   Segment part 373
                                                   Segment part 389
                                                   macApiPollReq
                                                   macAssocDataReq
                                                   macAssocDataReqComplete
                                                   macAssocFailed
                                                   macAssocFrameResponseTimeout
                                                   macAssociateCnf
                                                   macAutoPoll
                                                   macBeaconStartFrameResponseTimer
                                                   macDeviceReset
                                                   macPollDataReqComplete
                                                   macPollDataRxInd
                                                   macRxAssocRsp
                                                   macRxBeaconCritical
                                                   macStartFrameResponseTimer
                                                   macStartResponseTimer
           ENTRY                   ADDRESS         REF BY
           =====                   =======         ======
           macDevice               00000A10 
    -------------------------------------------------------------------------
<CSTART,NEAR_CODE,RCODE> 1 (was NEAR_CODE)
  Relative segment, address: CODE 0000119B - 000011A5 (0xb bytes), align: 0
  Segment part 162.           Intra module refs:   macBuildAssociateReq
                                                   macBuildDisassociateReq
    -------------------------------------------------------------------------
<CSTART,NEAR_CODE,RCODE> 1 (was NEAR_CODE)
  Relative segment, address: CODE 000011A6 - 000011AD (0x8 bytes), align: 0
  Segment part 163.           Intra module refs:   Segment part 162
                                                   macBuildAssociateRsp
    -------------------------------------------------------------------------
<CSTART,NEAR_CODE,RCODE> 1 (was NEAR_CODE)
  Relative segment, address: CODE 000011AE - 000011B4 (0x7 bytes), align: 0
  Segment part 164.           Intra module refs:   Segment part 163
                                                   macBuildDataFrame
                                                   macRxDataReq
    -------------------------------------------------------------------------
<CSTART,NEAR_CODE,RCODE> 1 (was NEAR_CODE)
  Relative segment, address: CODE 000011B5 - 000011C5 (0x11 bytes), align: 0
  Segment part 165.           Intra module refs:   macBuildAssociateRsp
    -------------------------------------------------------------------------
<CSTART,NEAR_CODE,RCODE> 1 (was NEAR_CODE)
  Relative segment, address: CODE 000011C6 - 000011CD (0x8 bytes), align: 0
  Segment part 166.           Intra module refs:   Segment part 163
                                                   Segment part 165
    -------------------------------------------------------------------------
<CSTART,NEAR_CODE,RCODE> 1 (was NEAR_CODE)
  Relative segment, address: CODE 000011CE - 000011D0 (0x3 bytes), align: 0
  Segment part 167.           Intra module refs:   macBuildAssociateReq
                                                   macBuildAssociateRsp
                                                   macBuildDisassociateReq
    -------------------------------------------------------------------------
<CSTART,NEAR_CODE,RCODE> 1 (was NEAR_CODE)
  Relative segment, address: CODE 000011D1 - 000011D8 (0x8 bytes), align: 0
  Segment part 168.           Intra module refs:   Segment part 167
                                                   macBuildCommonReq
                                                   macBuildEnhanceBeaconReq
                                                   macBuildRealign
    -------------------------------------------------------------------------
<CSTART,NEAR_CODE,RCODE> 1 (was NEAR_CODE)
  Relative segment, address: CODE 000011D9 - 000012AE (0xd6 bytes), align: 0
  Segment part 169.           Intra module refs:   macApiBeaconStartReq
                                                   macApiOrphanRsp
                                                   macApiStartReq
           ENTRY                   ADDRESS         REF BY
           =====                   =======         ======
           macBuildRealign         000011D9 
               calls direct
               XSTACK = 00000021 ( 00000011 )
               ISTACK = 00000000 ( 00000001 )
    -------------------------------------------------------------------------
<CSTART,NEAR_CODE,RCODE> 1 (was NEAR_CODE)
  Relative segment, address: CODE 000012AF - 000012B1 (0x3 bytes), align: 0
  Segment part 170.           Intra module refs:   macBuildAssociateReq
                                                   macBuildRealign
    -------------------------------------------------------------------------
<CSTART,NEAR_CODE,RCODE> 1 (was NEAR_CODE)
  Relative segment, address: CODE 000012B2 - 000012B7 (0x6 bytes), align: 0
  Segment part 171.           Intra module refs:   Segment part 170
                                                   macBuildDataFrame
    -------------------------------------------------------------------------
<CSTART,NEAR_CODE,RCODE> 1 (was NEAR_CODE)
  Relative segment, address: CODE 000012B8 - 000012BC (0x5 bytes), align: 0
  Segment part 172.           Intra module refs:   macBuildAssociateReq
                                                   macBuildCommonReq
                                                   macBuildEnhanceBeaconReq
                                                   macBuildRealign
    -------------------------------------------------------------------------
<CSTART,NEAR_CODE,RCODE> 1 (was NEAR_CODE)
  Relative segment, address: CODE 000012BD - 000012C5 (0x9 bytes), align: 0
  Segment part 173.           Intra module refs:   Segment part 172
                                                   macBuildBeacon
                                                   macSendDataMsg
                                                   macSendMsg
    -------------------------------------------------------------------------
<CSTART,NEAR_CODE,RCODE> 1 (was NEAR_CODE)
  Relative segment, address: CODE 000012C6 - 000012C8 (0x3 bytes), align: 0
  Segment part 174.           Intra module refs:   macBeaconStartFrameResponseTimer
                                                   macScanStartTimer
                                                   macStartResponseTimer
    -------------------------------------------------------------------------
<CSTART,NEAR_CODE,RCODE> 1 (was NEAR_CODE)
  Relative segment, address: CODE 000012C9 - 000012CB (0x3 bytes), align: 0
  Segment part 175.           Intra module refs:   Segment part 174
                                                   Segment part 425
[...]
                                                   macIndirectTxFrame (mac_beacon)
                                                   macRxBeaconCritical (mac_beacon)
                                                   macTxBeaconCompleteCallback (mac_beacon)
    -------------------------------------------------------------------------
<CODE_C,CSTART,NEAR_CODE,RCODE> 1 (was RCODE)
  Relative segment, address: CODE 0000CA26 - 0000CA29 (0x4 bytes), align: 0
  Segment part 3.
           ENTRY                   ADDRESS         REF BY
           =====                   =======         ======
           ?PUSH_XSTACK8_X_TWO     0000CA26        macApiBeaconStartReq (mac_beacon)
                                                   macApiOrphanRsp (mac_beacon)
                                                   macApiPollReq (mac_beacon)
                                                   macApiStartReq (mac_beacon)
                                                   macAssocDataReq (mac_beacon)
                                                   macAutoPoll (mac_beacon)
                                                   macBackoffTimerRolloverCallback (mac_beacon)
                                                   macBuildAssociateRsp (mac_beacon)
                                                   macBuildDataFrame (mac_beacon)
                                                   macIndirectSend (mac_beacon)
                                                   macRxBeacon (mac_beacon)
                                                   macRxDataReq (mac_beacon)
                                                   macTimerRealign (mac_beacon)
                                                   my_event_callback (main)
                                                   pancake_process_data (pancake)
                                                   pancake_send (pancake)
                                                   pancake_send_fragmented (pancake)
                                                   port_data_received (port_internal)
    -------------------------------------------------------------------------
<CODE_C,CSTART,NEAR_CODE,RCODE> 1 (was RCODE)
  Relative segment, address: CODE 0000CA2A - 0000CA52 (0x29 bytes), align: 0
  Segment part 5.             Intra module refs:   ?PUSH_XSTACK8_X_FOUR
                                                   ?PUSH_XSTACK8_X_TWO
           ENTRY                   ADDRESS         REF BY
           =====                   =======         ======
           ?PUSH_XSTACK8_X         0000CA2A        pancake_compress_header (pancake)

    -------------------------------------------------------------------------
  LIBRARY MODULE, NAME : ?memcmp

  SEGMENTS IN THE MODULE
  ======================
<CSTART,NEAR_CODE,RCODE> 1 (was NEAR_CODE)
  Relative segment, address: CODE 0000C88E - 0000C8E3 (0x56 bytes), align: 0
  Segment part 6.
           ENTRY                   ADDRESS         REF BY
           =====                   =======         ======
           memcmp                  0000C88E        find_reassembly_buffer (pancake)
               XSTACK = 00000002 ( 00000008 )

    -------------------------------------------------------------------------
  LIBRARY MODULE, NAME : ?memcpy

  SEGMENTS IN THE MODULE
  ======================
<CODE_C,CSTART,NEAR_CODE,RCODE> 1 (was NEAR_CODE)
  Relative segment, address: CODE 0000C935 - 0000C97A (0x46 bytes), align: 0
  Segment part 6.
           ENTRY                   ADDRESS         REF BY
           =====                   =======         ======
           memcpy                  0000C935        find_reassembly_buffer (pancake)
                                                   my_event_callback (main)
                                                   pancake_get_in6_address (pancake)
                                                   pancake_reassemble (pancake)
                                                   pancake_send (pancake)
                                                   pancake_send_fragmented (pancake)
                                                   populate_dummy_ipv6_header (main)
               XSTACK = 00000002 ( 00000009 )
               ISTACK = 00000000 ( 00000001 )

    -------------------------------------------------------------------------
  LIBRARY MODULE, NAME : ?memset

  SEGMENTS IN THE MODULE
  ======================
<CODE_C,CSTART,NEAR_CODE,RCODE> 1 (was NEAR_CODE)
  Relative segment, address: CODE 0000CA53 - 0000CA7F (0x2d bytes), align: 0
  Segment part 6.
           ENTRY                   ADDRESS         REF BY
           =====                   =======         ======
           memset                  0000CA53        find_reassembly_buffer (pancake)
                                                   osal_memset (OSAL)
                                                   pancake_get_in6_address (pancake)
                                                   pancake_send (pancake)
                                                   populate_fragmentation_header (pancake)
               XSTACK = 00000002 ( 00000008 )
               ISTACK = 00000000 ( 00000001 )

    -------------------------------------------------------------------------
  LIBRARY MODULE, NAME : ?printf

  SEGMENTS IN THE MODULE
  ======================
<CSTART,NEAR_CODE,RCODE> 1 (was NEAR_CODE)
  Relative segment, address: CODE 0000C77E - 0000C789 (0xc bytes), align: 0
  Segment part 6.             Intra module refs:   printf
           LOCAL                   ADDRESS         
           =====                   =======         
           put_one_char            0000C77E 
               calls direct, is indirectly called
               XSTACK = 00000000 ( 00000009 )
    -------------------------------------------------------------------------
<CSTART,NEAR_CODE,RCODE> 1 (was NEAR_CODE)
  Relative segment, address: CODE 0000C78A - 0000C78E (0x5 bytes), align: 0
  Segment part 7.             Intra module refs:   printf
                                                   put_one_char
    -------------------------------------------------------------------------
<CSTART,NEAR_CODE,RCODE> 1 (was NEAR_CODE)
  Relative segment, address: CODE 0000C78F - 0000C7DA (0x4c bytes), align: 0
  Segment part 8.
           ENTRY                   ADDRESS         REF BY
           =====                   =======         ======
           printf                  0000C78F        pancake_compress_header (pancake)
                                                   pancake_decompress_header (pancake)
                                                   pancake_send (pancake)
               calls direct
               XSTACK = 00000000 ( 0000000F )

    -------------------------------------------------------------------------
  LIBRARY MODULE, NAME : ?smallwr

  SEGMENTS IN THE MODULE
  ======================
<CSTART,NEAR_CODE,RCODE> 1 (was NEAR_CODE)
  Relative segment, address: CODE 00009A74 - 00009E18 (0x3a5 bytes), align: 0
  Segment part 22.
           ENTRY                   ADDRESS         REF BY
           =====                   =======         ======
           _small_write            00009A74        printf (?printf)
               XSTACK = 00000004 ( 00000020 )
               ISTACK = 00000000 ( 00000002 )
    -------------------------------------------------------------------------
<CSTART,NEAR_CODE,RCODE> 1 (was NEAR_CODE)
  Relative segment, address: CODE 00009E19 - 00009E24 (0xc bytes), align: 0
  Segment part 23.            Intra module refs:   _small_write
    -------------------------------------------------------------------------
<CSTART,NEAR_CODE,RCODE> 1 (was NEAR_CODE)
  Relative segment, address: CODE 00009E25 - 00009E28 (0x4 bytes), align: 0
  Segment part 24.            Intra module refs:   _small_write
    -------------------------------------------------------------------------
<CSTART,NEAR_CODE,RCODE> 1 (was NEAR_CODE)
  Relative segment, address: CODE 00009E29 - 00009E31 (0x9 bytes), align: 0
  Segment part 25.            Intra module refs:   Segment part 24
                                                   Segment part 26
                                                   Segment part 34
    -------------------------------------------------------------------------
<CSTART,NEAR_CODE,RCODE> 1 (was NEAR_CODE)
  Relative segment, address: CODE 00009E32 - 00009E39 (0x8 bytes), align: 0
  Segment part 26.            Intra module refs:   _small_write
    -------------------------------------------------------------------------
<CSTART,NEAR_CODE,RCODE> 1 (was NEAR_CODE)
  Relative segment, address: CODE 00009E3A - 00009E3D (0x4 bytes), align: 0
  Segment part 27.            Intra module refs:   _small_write
    -------------------------------------------------------------------------
<CSTART,NEAR_CODE,RCODE> 1 (was NEAR_CODE)
  Relative segment, address: CODE 00009E3E - 00009E45 (0x8 bytes), align: 0
  Segment part 28.            Intra module refs:   Segment part 27
                                                   Segment part 30
    -------------------------------------------------------------------------
<CSTART,NEAR_CODE,RCODE> 1 (was NEAR_CODE)
  Relative segment, address: CODE 00009E46 - 00009E4E (0x9 bytes), align: 0
  Segment part 29.            Intra module refs:   Segment part 28
                                                   _small_write
    -------------------------------------------------------------------------
<CSTART,NEAR_CODE,RCODE> 1 (was NEAR_CODE)
  Relative segment, address: CODE 00009E4F - 00009E53 (0x5 bytes), align: 0
  Segment part 30.            Intra module refs:   _small_write
    -------------------------------------------------------------------------
<CSTART,NEAR_CODE,RCODE> 1 (was NEAR_CODE)
  Relative segment, address: CODE 00009E54 - 00009E61 (0xe bytes), align: 0
  Segment part 31.            Intra module refs:   _small_write
    -------------------------------------------------------------------------
<CSTART,NEAR_CODE,RCODE> 1 (was NEAR_CODE)
  Relative segment, address: CODE 00009E62 - 00009E67 (0x6 bytes), align: 0
  Segment part 32.            Intra module refs:   Segment part 31
                                                   _small_write
    -------------------------------------------------------------------------
<CSTART,NEAR_CODE,RCODE> 1 (was NEAR_CODE)
  Relative segment, address: CODE 00009E68 - 00009E78 (0x11 bytes), align: 0
  Segment part 33.            Intra module refs:   _small_write
    -------------------------------------------------------------------------
<CSTART,NEAR_CODE,RCODE> 1 (was NEAR_CODE)
  Relative segment, address: CODE 00009E79 - 00009E80 (0x8 bytes), align: 0
  Segment part 34.            Intra module refs:   _small_write
    -------------------------------------------------------------------------
<CSTART,NEAR_CODE,RCODE> 1 (was NEAR_CODE)
  Relative segment, address: CODE 00009E81 - 00009E8D (0xd bytes), align: 0
  Segment part 35.            Intra module refs:   Segment part 34
                                                   _small_write
    -------------------------------------------------------------------------
<CSTART,NEAR_CODE,RCODE> 1 (was NEAR_CODE)
  Relative segment, address: CODE 00009E8E - 00009E94 (0x7 bytes), align: 0
  Segment part 36.            Intra module refs:   _small_write
    -------------------------------------------------------------------------
<CSTART,NEAR_CODE,RCODE> 1 (was NEAR_CODE)
  Relative segment, address: CODE 00009E95 - 00009E9D (0x9 bytes), align: 0
  Segment part 37.            Intra module refs:   _small_write
    -------------------------------------------------------------------------
<CSTART,NEAR_CODE,RCODE> 1 (was NEAR_CODE)
  Relative segment, address: CODE 00009E9E - 00009EAB (0xe bytes), align: 0
  Segment part 38.            Intra module refs:   _small_write
    -------------------------------------------------------------------------
<CSTART,NEAR_CODE,RCODE> 1 (was NEAR_CODE)
  Relative segment, address: CODE 00009EAC - 00009EB0 (0x5 bytes), align: 0
  Segment part 39.            Intra module refs:   _small_write
    -------------------------------------------------------------------------
<CSTART,NEAR_CODE,RCODE> 1 (was NEAR_CODE)
  Relative segment, address: CODE 00009EB1 - 00009EBD (0xd bytes), align: 0
  Segment part 40.            Intra module refs:   Segment part 39
                                                   _small_write
    -------------------------------------------------------------------------
XDATA_I
  Relative segment, address: XDATA 00001938 - 0000193B (0x4 bytes), align: 0
  Segment part 6.             Intra module refs:   _small_write
           ENTRY                   ADDRESS         REF BY
           =====                   =======         ======
           __Constant_8000         00001938 
    -------------------------------------------------------------------------
XDATA_ID
  Relative segment, address: CODE 00000156 - 00000159 (0x4 bytes), align: 0
  Segment part 7.             Intra module refs:   __Constant_8000
    -------------------------------------------------------------------------
XDATA_I
  Relative segment, address: XDATA 0000193C - 0000193F (0x4 bytes), align: 0
  Segment part 8.             Intra module refs:   _small_write
           ENTRY                   ADDRESS         REF BY
           =====                   =======         ======
           __Constant_40000000     0000193C 
    -------------------------------------------------------------------------
XDATA_ID
  Relative segment, address: CODE 0000015A - 0000015D (0x4 bytes), align: 0
  Segment part 9.             Intra module refs:   __Constant_40000000
    -------------------------------------------------------------------------
XDATA_I
  Relative segment, address: XDATA 00001940 - 00001943 (0x4 bytes), align: 0
  Segment part 12.            Intra module refs:   _small_write
           ENTRY                   ADDRESS         REF BY
           =====                   =======         ======
           __Constant_3b9aca00     00001940 
    -------------------------------------------------------------------------
XDATA_ID
  Relative segment, address: CODE 0000015E - 00000161 (0x4 bytes), align: 0
  Segment part 13.            Intra module refs:   __Constant_3b9aca00
    -------------------------------------------------------------------------
XDATA_I
  Relative segment, address: XDATA 00001944 - 00001947 (0x4 bytes), align: 0
  Segment part 14.            Intra module refs:   _small_write
           ENTRY                   ADDRESS         REF BY
           =====                   =======         ======
           __Constant_1000         00001944 
    -------------------------------------------------------------------------
XDATA_ID
  Relative segment, address: CODE 00000162 - 00000165 (0x4 bytes), align: 0
  Segment part 15.            Intra module refs:   __Constant_1000
    -------------------------------------------------------------------------
XDATA_I
  Relative segment, address: XDATA 00001948 - 0000194B (0x4 bytes), align: 0
  Segment part 16.            Intra module refs:   _small_write
           ENTRY                   ADDRESS         REF BY
           =====                   =======         ======
           __Constant_10000000     00001948 
    -------------------------------------------------------------------------
XDATA_ID
  Relative segment, address: CODE 00000166 - 00000169 (0x4 bytes), align: 0
  Segment part 17.            Intra module refs:   __Constant_10000000




                ****************************************
                *                                      *
                *      SEGMENTS IN ADDRESS ORDER       *
                *                                      *
                ****************************************


SEGMENT              SPACE    START ADDRESS   END ADDRESS     SIZE  TYPE  ALIGN
=======              =====    =============   ===========     ====  ====  =====
INTVEC               CODE          00000000 - 00000085          86   com    0
BIT_ID               CODE               00000086                     dse    0
BDATA_ID             CODE               00000086                     dse    0
DATA_ID              CODE          00000086 - 00000086           1   rel    0
IDATA_ID             CODE               00000087                     dse    0
IXDATA_ID            CODE               00000087                     dse    0
PDATA_ID             CODE               00000087                     dse    0
XDATA_ID             CODE          00000087 - 00000169          E3   rel    0
SLEEP_CODE           CODE          0000016C - 00000171           6   rel    2
<CSTART,NEAR_CODE,RCODE> 1
                     CODE          00000172 - 0000C8E3        C772   rel    0
<CODE_C,CSTART,NEAR_CODE,RCODE> 1
                     CODE          0000C8E4 - 0000D19E         8BB   rel    2
XDATA_ROM_C          CODE          0000D19F - 0000D33B         19D   rel    0
REGISTERS            DATA          00000000 - 00000007           8   rel    0
VREG                 DATA          00000008 - 00000017          10   rel    0
PSP                  DATA               00000018                     dse    0
XSP                  DATA          00000018 - 00000019           2   rel    0
DATA_I               DATA          0000001A - 0000001A           1   rel    0
BREG                 BIT        00000020.0  -  00000020.7        8   rel    0
DATA_Z               DATA          00000021 - 00000026           6   rel    0
SFR_AN               DATA          00000080 - 00000080           1   rel    0
                     DATA          00000087 - 00000087           1 
                     DATA          00000089 - 00000089           1 
                     DATA          0000008B - 0000008C           2 
                     DATA          0000008F - 00000091           3 
                     DATA          00000094 - 00000097           4 
                     DATA          0000009A - 0000009E           5 
                     DATA          000000A0 - 000000A9           A 
                     DATA          000000AB - 000000AD           3 
                     DATA          000000B4 - 000000B4           1 
                     DATA          000000B6 - 000000B6           1 
                     DATA          000000B8 - 000000C0           9 
                     DATA          000000C3 - 000000C3           1 
                     DATA          000000C6 - 000000C7           2 
                     DATA          000000D8 - 000000D9           2 
                     DATA          000000E1 - 000000E1           1 
                     DATA          000000E8 - 000000E9           2 
                     DATA          000000EB - 000000EC           2 
                     DATA          000000EE - 000000EE           1 
                     DATA          000000F1 - 000000F5           5 
                     DATA          000000F8 - 000000FF           8 
XSTACK               XDATA         00000001 - 00000180         180   rel    0
XDATA_N              XDATA         00000181 - 00000982         802   rel    0
XDATA_Z              XDATA         00000983 - 00001868         EE6   rel    0
XDATA_I              XDATA         00001869 - 0000194B          E3   rel    0
PDATA_Z              XDATA              00001E00                     rel    0
ISTACK               IDATA         00000040 - 000000FF          C0   rel    0

                ****************************************
                *                                      *
                *        END OF CROSS REFERENCE        *
                *                                      *
                ****************************************

 54 074 bytes of CODE  memory
     33 bytes of DATA  memory (+ 65 absolute )
  6 475 bytes of XDATA memory
    192 bytes of IDATA memory
      8 bits  of BIT   memory

Errors: none
Warnings: none

